Component: ARM Compiler 5.06 update 1 (build 61) Tool: armlink [4d35a8]

==============================================================================

Section Cross References

    stm32f1xx_hal_flash_ex.o(i.FLASH_MassErase) refers to stm32f1xx_hal_flash.o(.bss) for pFlash
    stm32f1xx_hal_flash_ex.o(i.FLASH_OB_DisableWRP) refers to stm32f1xx_hal_flash.o(i.FLASH_WaitForLastOperation) for FLASH_WaitForLastOperation
    stm32f1xx_hal_flash_ex.o(i.FLASH_OB_DisableWRP) refers to stm32f1xx_hal_flash_ex.o(i.HAL_FLASHEx_OBErase) for HAL_FLASHEx_OBErase
    stm32f1xx_hal_flash_ex.o(i.FLASH_OB_DisableWRP) refers to stm32f1xx_hal_flash.o(.bss) for pFlash
    stm32f1xx_hal_flash_ex.o(i.FLASH_OB_EnableWRP) refers to stm32f1xx_hal_flash.o(i.FLASH_WaitForLastOperation) for FLASH_WaitForLastOperation
    stm32f1xx_hal_flash_ex.o(i.FLASH_OB_EnableWRP) refers to stm32f1xx_hal_flash_ex.o(i.HAL_FLASHEx_OBErase) for HAL_FLASHEx_OBErase
    stm32f1xx_hal_flash_ex.o(i.FLASH_OB_EnableWRP) refers to stm32f1xx_hal_flash.o(.bss) for pFlash
    stm32f1xx_hal_flash_ex.o(i.FLASH_OB_RDP_LevelConfig) refers to stm32f1xx_hal_flash.o(i.FLASH_WaitForLastOperation) for FLASH_WaitForLastOperation
    stm32f1xx_hal_flash_ex.o(i.FLASH_OB_RDP_LevelConfig) refers to stm32f1xx_hal_flash.o(.bss) for pFlash
    stm32f1xx_hal_flash_ex.o(i.FLASH_PageErase) refers to stm32f1xx_hal_flash.o(.bss) for pFlash
    stm32f1xx_hal_flash_ex.o(i.HAL_FLASHEx_Erase) refers to stm32f1xx_hal_flash.o(i.FLASH_WaitForLastOperation) for FLASH_WaitForLastOperation
    stm32f1xx_hal_flash_ex.o(i.HAL_FLASHEx_Erase) refers to stm32f1xx_hal_flash_ex.o(i.FLASH_MassErase) for FLASH_MassErase
    stm32f1xx_hal_flash_ex.o(i.HAL_FLASHEx_Erase) refers to stm32f1xx_hal_flash_ex.o(i.FLASH_PageErase) for FLASH_PageErase
    stm32f1xx_hal_flash_ex.o(i.HAL_FLASHEx_Erase) refers to stm32f1xx_hal_flash.o(.bss) for pFlash
    stm32f1xx_hal_flash_ex.o(i.HAL_FLASHEx_Erase_IT) refers to stm32f1xx_hal_flash_ex.o(i.FLASH_PageErase) for FLASH_PageErase
    stm32f1xx_hal_flash_ex.o(i.HAL_FLASHEx_Erase_IT) refers to stm32f1xx_hal_flash_ex.o(i.FLASH_MassErase) for FLASH_MassErase
    stm32f1xx_hal_flash_ex.o(i.HAL_FLASHEx_Erase_IT) refers to stm32f1xx_hal_flash.o(.bss) for pFlash
    stm32f1xx_hal_flash_ex.o(i.HAL_FLASHEx_OBErase) refers to stm32f1xx_hal_flash_ex.o(i.FLASH_OB_GetRDP) for FLASH_OB_GetRDP
    stm32f1xx_hal_flash_ex.o(i.HAL_FLASHEx_OBErase) refers to stm32f1xx_hal_flash.o(i.FLASH_WaitForLastOperation) for FLASH_WaitForLastOperation
    stm32f1xx_hal_flash_ex.o(i.HAL_FLASHEx_OBErase) refers to stm32f1xx_hal_flash_ex.o(i.FLASH_OB_RDP_LevelConfig) for FLASH_OB_RDP_LevelConfig
    stm32f1xx_hal_flash_ex.o(i.HAL_FLASHEx_OBErase) refers to stm32f1xx_hal_flash.o(.bss) for pFlash
    stm32f1xx_hal_flash_ex.o(i.HAL_FLASHEx_OBGetConfig) refers to stm32f1xx_hal_flash_ex.o(i.FLASH_OB_GetRDP) for FLASH_OB_GetRDP
    stm32f1xx_hal_flash_ex.o(i.HAL_FLASHEx_OBProgram) refers to stm32f1xx_hal_flash_ex.o(i.FLASH_OB_DisableWRP) for FLASH_OB_DisableWRP
    stm32f1xx_hal_flash_ex.o(i.HAL_FLASHEx_OBProgram) refers to stm32f1xx_hal_flash_ex.o(i.FLASH_OB_EnableWRP) for FLASH_OB_EnableWRP
    stm32f1xx_hal_flash_ex.o(i.HAL_FLASHEx_OBProgram) refers to stm32f1xx_hal_flash_ex.o(i.FLASH_OB_RDP_LevelConfig) for FLASH_OB_RDP_LevelConfig
    stm32f1xx_hal_flash_ex.o(i.HAL_FLASHEx_OBProgram) refers to stm32f1xx_hal_flash.o(i.FLASH_WaitForLastOperation) for FLASH_WaitForLastOperation
    stm32f1xx_hal_flash_ex.o(i.HAL_FLASHEx_OBProgram) refers to stm32f1xx_hal_flash.o(.bss) for pFlash
    stm32f1xx_hal_gpio.o(i.HAL_GPIO_EXTI_IRQHandler) refers to main.o(i.HAL_GPIO_EXTI_Callback) for HAL_GPIO_EXTI_Callback
    stm32f1xx_hal_tim.o(i.HAL_TIM_Base_DeInit) refers to tim.o(i.HAL_TIM_Base_MspDeInit) for HAL_TIM_Base_MspDeInit
    stm32f1xx_hal_tim.o(i.HAL_TIM_Base_Init) refers to tim.o(i.HAL_TIM_Base_MspInit) for HAL_TIM_Base_MspInit
    stm32f1xx_hal_tim.o(i.HAL_TIM_Base_Init) refers to stm32f1xx_hal_tim.o(i.TIM_Base_SetConfig) for TIM_Base_SetConfig
    stm32f1xx_hal_tim.o(i.HAL_TIM_Base_Start_DMA) refers to stm32f1xx_hal_dma.o(i.HAL_DMA_Start_IT) for HAL_DMA_Start_IT
    stm32f1xx_hal_tim.o(i.HAL_TIM_Base_Start_DMA) refers to stm32f1xx_hal_tim.o(i.TIM_DMAPeriodElapsedCplt) for TIM_DMAPeriodElapsedCplt
    stm32f1xx_hal_tim.o(i.HAL_TIM_Base_Start_DMA) refers to stm32f1xx_hal_tim.o(i.TIM_DMAError) for TIM_DMAError
    stm32f1xx_hal_tim.o(i.HAL_TIM_ConfigClockSource) refers to stm32f1xx_hal_tim.o(i.TIM_ETR_SetConfig) for TIM_ETR_SetConfig
    stm32f1xx_hal_tim.o(i.HAL_TIM_ConfigClockSource) refers to stm32f1xx_hal_tim.o(i.TIM_TI1_ConfigInputStage) for TIM_TI1_ConfigInputStage
    stm32f1xx_hal_tim.o(i.HAL_TIM_ConfigClockSource) refers to stm32f1xx_hal_tim.o(i.TIM_TI2_ConfigInputStage) for TIM_TI2_ConfigInputStage
    stm32f1xx_hal_tim.o(i.HAL_TIM_ConfigClockSource) refers to stm32f1xx_hal_tim.o(i.TIM_ITRx_SetConfig) for TIM_ITRx_SetConfig
[...]
    i.HAL_TIM_Base_Init                      0x08002998   Section        0  stm32f1xx_hal_tim.o(i.HAL_TIM_Base_Init)
    i.HAL_TIM_Base_MspInit                   0x080029d0   Section        0  tim.o(i.HAL_TIM_Base_MspInit)
    i.HAL_TIM_Base_Start                     0x08002a24   Section        0  stm32f1xx_hal_tim.o(i.HAL_TIM_Base_Start)
    i.HAL_TIM_Base_Start_IT                  0x08002a3e   Section        0  stm32f1xx_hal_tim.o(i.HAL_TIM_Base_Start_IT)
    i.HAL_TIM_ConfigClockSource              0x08002a56   Section        0  stm32f1xx_hal_tim.o(i.HAL_TIM_ConfigClockSource)
    i.HAL_TIM_IC_CaptureCallback             0x08002b48   Section        0  main.o(i.HAL_TIM_IC_CaptureCallback)
    i.HAL_TIM_IC_ConfigChannel               0x08002b74   Section        0  stm32f1xx_hal_tim.o(i.HAL_TIM_IC_ConfigChannel)
    i.HAL_TIM_IC_Init                        0x08002c92   Section        0  stm32f1xx_hal_tim.o(i.HAL_TIM_IC_Init)
    i.HAL_TIM_IC_MspInit                     0x08002cc8   Section        0  tim.o(i.HAL_TIM_IC_MspInit)
    i.HAL_TIM_IC_Start_IT                    0x08002d18   Section        0  stm32f1xx_hal_tim.o(i.HAL_TIM_IC_Start_IT)
    i.HAL_TIM_IRQHandler                     0x08002d64   Section        0  stm32f1xx_hal_tim.o(i.HAL_TIM_IRQHandler)
    i.HAL_TIM_OC_DelayElapsedCallback        0x08002eca   Section        0  stm32f1xx_hal_tim.o(i.HAL_TIM_OC_DelayElapsedCallback)
    i.HAL_TIM_PWM_PulseFinishedCallback      0x08002ecc   Section        0  stm32f1xx_hal_tim.o(i.HAL_TIM_PWM_PulseFinishedCallback)
    i.HAL_TIM_PeriodElapsedCallback          0x08002ed0   Section        0  main.o(i.HAL_TIM_PeriodElapsedCallback)
    i.HAL_TIM_TriggerCallback                0x08002ee0   Section        0  stm32f1xx_hal_tim.o(i.HAL_TIM_TriggerCallback)
    i.HAL_UART_ErrorCallback                 0x08002ee2   Section        0  stm32f1xx_hal_uart.o(i.HAL_UART_ErrorCallback)
    i.HAL_UART_IRQHandler                    0x08002ee4   Section        0  stm32f1xx_hal_uart.o(i.HAL_UART_IRQHandler)
    i.HAL_UART_Init                          0x08002fbe   Section        0  stm32f1xx_hal_uart.o(i.HAL_UART_Init)
    i.HAL_UART_MspInit                       0x0800301c   Section        0  usart.o(i.HAL_UART_MspInit)
    i.HAL_UART_Receive                       0x08003168   Section        0  stm32f1xx_hal_uart.o(i.HAL_UART_Receive)
    i.HAL_UART_Receive_DMA                   0x08003234   Section        0  stm32f1xx_hal_uart.o(i.HAL_UART_Receive_DMA)
    i.HAL_UART_Receive_IT                    0x080032bc   Section        0  stm32f1xx_hal_uart.o(i.HAL_UART_Receive_IT)
    i.HAL_UART_RxCpltCallback                0x08003328   Section        0  serial_debug_config.o(i.HAL_UART_RxCpltCallback)
    i.HAL_UART_RxHalfCpltCallback            0x0800333c   Section        0  stm32f1xx_hal_uart.o(i.HAL_UART_RxHalfCpltCallback)
    i.HAL_UART_Transmit                      0x08003340   Section        0  stm32f1xx_hal_uart.o(i.HAL_UART_Transmit)
    i.HAL_UART_Transmit_DMA                  0x0800340c   Section        0  stm32f1xx_hal_uart.o(i.HAL_UART_Transmit_DMA)
    i.HAL_UART_Transmit_IT                   0x0800349c   Section        0  stm32f1xx_hal_uart.o(i.HAL_UART_Transmit_IT)
    i.HAL_UART_TxCpltCallback                0x080034f4   Section        0  serial_debug_config.o(i.HAL_UART_TxCpltCallback)
    i.HAL_UART_TxHalfCpltCallback            0x08003508   Section        0  stm32f1xx_hal_uart.o(i.HAL_UART_TxHalfCpltCallback)
    i.HardFault_Handler                      0x0800350a   Section        0  stm32f1xx_it.o(i.HardFault_Handler)
    i.HmLogUart8Thread_Init                  0x0800350c   Section        0  serial_debug_config.o(i.HmLogUart8Thread_Init)
    i.HmLogUart8Thread_RegistryUartHandle    0x08003524   Section        0  serial_debug_config.o(i.HmLogUart8Thread_RegistryUartHandle)
    i.HmLogUart8Thread_Start                 0x08003552   Section        0  serial_debug_config.o(i.HmLogUart8Thread_Start)
    i.HmSerialUart8_Delay                    0x08003568   Section        0  hm_serial_uart8.o(i.HmSerialUart8_Delay)
    i.HmSerialUart8_Init                     0x0800356c   Section        0  hm_serial_uart8.o(i.HmSerialUart8_Init)
    i.HmSerialUart8_MspInit                  0x08003580   Section        0  serial_debug_config.o(i.HmSerialUart8_MspInit)
    i.HmSerialUart8_Receive                  0x08003584   Section        0  hm_serial_uart8.o(i.HmSerialUart8_Receive)
    i.HmSerialUart8_Registry                 0x080035ee   Section        0  hm_serial_uart8.o(i.HmSerialUart8_Registry)
    i.HmSerialUart8_RxAvailable              0x0800360e   Section        0  hm_serial_uart8.o(i.HmSerialUart8_RxAvailable)
    i.HmSerialUart8_RxCpltCb                 0x0800364e   Section        0  hm_serial_uart8.o(i.HmSerialUart8_RxCpltCb)
    i.HmSerialUart8_RxFlush                  0x0800369c   Section        0  hm_serial_uart8.o(i.HmSerialUart8_RxFlush)
    i.HmSerialUart8_Start                    0x080036cc   Section        0  hm_serial_uart8.o(i.HmSerialUart8_Start)
    i.HmSerialUart8_Transmit                 0x08003702   Section        0  hm_serial_uart8.o(i.HmSerialUart8_Transmit)
    i.HmSerialUart8_TxCpltCb                 0x0800379a   Section        0  hm_serial_uart8.o(i.HmSerialUart8_TxCpltCb)
    i.MX_ADC1_Init                           0x080037e0   Section        0  adc.o(i.MX_ADC1_Init)
    i.MX_DMA_Init                            0x0800381c   Section        0  dma.o(i.MX_DMA_Init)
    i.MX_GPIO_Init                           0x08003858   Section        0  gpio.o(i.MX_GPIO_Init)
    i.MX_IWDG_Init                           0x08003980   Section        0  iwdg.o(i.MX_IWDG_Init)
    i.MX_TIM1_Init                           0x0800399c   Section        0  tim.o(i.MX_TIM1_Init)
    i.MX_TIM3_Init                           0x080039e0   Section        0  tim.o(i.MX_TIM3_Init)
    i.MX_TIM4_Init                           0x08003a28   Section        0  tim.o(i.MX_TIM4_Init)
    i.MX_USART1_UART_Init                    0x08003a7c   Section        0  usart.o(i.MX_USART1_UART_Init)
    i.MX_USART3_UART_Init                    0x08003aa8   Section        0  usart.o(i.MX_USART3_UART_Init)
    i.MemManage_Handler                      0x08003ad0   Section        0  stm32f1xx_it.o(i.MemManage_Handler)
    i.NMI_Handler                            0x08003ad2   Section        0  stm32f1xx_it.o(i.NMI_Handler)
    i.NVIC_SetPriority                       0x08003ad4   Section        0  stm32f1xx_hal_cortex.o(i.NVIC_SetPriority)
    NVIC_SetPriority                         0x08003ad5   Thumb Code    32  stm32f1xx_hal_cortex.o(i.NVIC_SetPriority)
    i.STBButton_Init                         0x08003af4   Section        0  button_driver.o(i.STBButton_Init)
    i.STBButton_LL_GetPin                    0x08003b10   Section        0  adapter_camera_config.o(i.STBButton_LL_GetPin)
    i.STBButton_LL_Init                      0x08003b1c   Section        0  adapter_camera_config.o(i.STBButton_LL_Init)
    i.STBButton_LL_Start                     0x08003b1e   Section        0  adapter_camera_config.o(i.STBButton_LL_Start)
    i.STBButton_ProcessISR                   0x08003b20   Section        0  button_driver.o(i.STBButton_ProcessISR)
    i.STBButton_ProcessTask                  0x08003b2e   Section        0  button_driver.o(i.STBButton_ProcessTask)
    i.STBButton_Start                        0x08003b92   Section        0  button_driver.o(i.STBButton_Start)
    i.STBRf_Io_ProcessTask                   0x08003baa   Section        0  button_driver.o(i.STBRf_Io_ProcessTask)
    i.STBRf_Io_Start                         0x08003bb8   Section        0  button_driver.o(i.STBRf_Io_Start)
    i.STB_LL_GetDeltaTick                    0x08003bc6   Section        0  button_driver.o(i.STB_LL_GetDeltaTick)
    i.STB_LL_GetTick                         0x08003bd2   Section        0  button_driver.o(i.STB_LL_GetTick)
    i.SysTick_Handler                        0x08003bd6   Section        0  stm32f1xx_it.o(i.SysTick_Handler)
    i.SystemInit                             0x08003be4   Section        0  system_stm32f1xx.o(i.SystemInit)
    i.TIM3_IRQHandler                        0x08003c2c   Section        0  stm32f1xx_it.o(i.TIM3_IRQHandler)
    i.TIM4_IRQHandler                        0x08003c38   Section        0  stm32f1xx_it.o(i.TIM4_IRQHandler)
    i.TIM_Base_SetConfig                     0x08003c44   Section        0  stm32f1xx_hal_tim.o(i.TIM_Base_SetConfig)
    i.TIM_CCxChannelCmd                      0x08003ca8   Section        0  stm32f1xx_hal_tim.o(i.TIM_CCxChannelCmd)
    i.TIM_ETR_SetConfig                      0x08003cbe   Section        0  stm32f1xx_hal_tim.o(i.TIM_ETR_SetConfig)
    TIM_ETR_SetConfig                        0x08003cbf   Thumb Code    20  stm32f1xx_hal_tim.o(i.TIM_ETR_SetConfig)
    i.TIM_ITRx_SetConfig                     0x08003cd2   Section        0  stm32f1xx_hal_tim.o(i.TIM_ITRx_SetConfig)
    TIM_ITRx_SetConfig                       0x08003cd3   Thumb Code    16  stm32f1xx_hal_tim.o(i.TIM_ITRx_SetConfig)
    i.TIM_TI1_ConfigInputStage               0x08003ce2   Section        0  stm32f1xx_hal_tim.o(i.TIM_TI1_ConfigInputStage)
    TIM_TI1_ConfigInputStage                 0x08003ce3   Thumb Code    34  stm32f1xx_hal_tim.o(i.TIM_TI1_ConfigInputStage)
    i.TIM_TI1_SetConfig                      0x08003d04   Section        0  stm32f1xx_hal_tim.o(i.TIM_TI1_SetConfig)
    i.TIM_TI2_ConfigInputStage               0x08003d5c   Section        0  stm32f1xx_hal_tim.o(i.TIM_TI2_ConfigInputStage)
    TIM_TI2_ConfigInputStage                 0x08003d5d   Thumb Code    36  stm32f1xx_hal_tim.o(i.TIM_TI2_ConfigInputStage)
    i.TIM_TI2_SetConfig                      0x08003d80   Section        0  stm32f1xx_hal_tim.o(i.TIM_TI2_SetConfig)
    TIM_TI2_SetConfig                        0x08003d81   Thumb Code    54  stm32f1xx_hal_tim.o(i.TIM_TI2_SetConfig)
    i.UART_DMAError                          0x08003db6   Section        0  stm32f1xx_hal_uart.o(i.UART_DMAError)
    UART_DMAError                            0x08003db7   Thumb Code    30  stm32f1xx_hal_uart.o(i.UART_DMAError)
    i.UART_DMAReceiveCplt                    0x08003dd4   Section        0  stm32f1xx_hal_uart.o(i.UART_DMAReceiveCplt)
    UART_DMAReceiveCplt                      0x08003dd5   Thumb Code    54  stm32f1xx_hal_uart.o(i.UART_DMAReceiveCplt)
    i.UART_DMARxHalfCplt                     0x08003e0a   Section        0  stm32f1xx_hal_uart.o(i.UART_DMARxHalfCplt)
    UART_DMARxHalfCplt                       0x08003e0b   Thumb Code    10  stm32f1xx_hal_uart.o(i.UART_DMARxHalfCplt)
    i.UART_DMATransmitCplt                   0x08003e14   Section        0  stm32f1xx_hal_uart.o(i.UART_DMATransmitCplt)
    UART_DMATransmitCplt                     0x08003e15   Thumb Code    46  stm32f1xx_hal_uart.o(i.UART_DMATransmitCplt)
    i.UART_DMATxHalfCplt                     0x08003e42   Section        0  stm32f1xx_hal_uart.o(i.UART_DMATxHalfCplt)
    UART_DMATxHalfCplt                       0x08003e43   Thumb Code    10  stm32f1xx_hal_uart.o(i.UART_DMATxHalfCplt)
    i.UART_Receive_IT                        0x08003e4c   Section        0  stm32f1xx_hal_uart.o(i.UART_Receive_IT)
    UART_Receive_IT                          0x08003e4d   Thumb Code   168  stm32f1xx_hal_uart.o(i.UART_Receive_IT)
    i.UART_SetConfig                         0x08003ef4   Section        0  stm32f1xx_hal_uart.o(i.UART_SetConfig)
    UART_SetConfig                           0x08003ef5   Thumb Code   220  stm32f1xx_hal_uart.o(i.UART_SetConfig)
    i.UART_Transmit_IT                       0x08003fd4   Section        0  stm32f1xx_hal_uart.o(i.UART_Transmit_IT)
    UART_Transmit_IT                         0x08003fd5   Thumb Code   102  stm32f1xx_hal_uart.o(i.UART_Transmit_IT)
    i.UART_WaitOnFlagUntilTimeout            0x0800403a   Section        0  stm32f1xx_hal_uart.o(i.UART_WaitOnFlagUntilTimeout)
    UART_WaitOnFlagUntilTimeout              0x0800403b   Thumb Code   146  stm32f1xx_hal_uart.o(i.UART_WaitOnFlagUntilTimeout)
    i.USART1_IRQHandler                      0x080040cc   Section        0  stm32f1xx_it.o(i.USART1_IRQHandler)
    i.USART2_IRQHandler                      0x080040d8   Section        0  stm32f1xx_it.o(i.USART2_IRQHandler)
    i.USART3_IRQHandler                      0x080040e4   Section        0  stm32f1xx_it.o(i.USART3_IRQHandler)
    i.UsageFault_Handler                     0x080040f0   Section        0  stm32f1xx_it.o(i.UsageFault_Handler)
    i._Z16RF_Io_ProcessISRh                  0x080040f4   Section        0  main.o(i._Z16RF_Io_ProcessISRh)
    i._Z18APSMiddleLink_InitP21APSMiddleLinkHandle_t 0x0800411c   Section        0  adapter_camera_middle_core.o(i._Z18APSMiddleLink_InitP21APSMiddleLinkHandle_t)
    i._Z18SystemClock_Configv                0x0800412c   Section        0  main.o(i._Z18SystemClock_Configv)
    i._Z19APSMiddleLink_StartP21APSMiddleLinkHandle_t 0x0800419c   Section        0  adapter_camera_middle_core.o(i._Z19APSMiddleLink_StartP21APSMiddleLinkHandle_t)
    i._Z20Core_Process_ControlP5_taskPv      0x08004218   Section        0  adapter_camera_config.o(i._Z20Core_Process_ControlP5_taskPv)
    Core_Process_Control(_task*, void*)      0x08004219   Thumb Code   236  adapter_camera_config.o(i._Z20Core_Process_ControlP5_taskPv)
    i._Z21APSMiddleLink_ProcessP21APSMiddleLinkHandle_t 0x0800433c   Section        0  adapter_camera_middle_core.o(i._Z21APSMiddleLink_ProcessP21APSMiddleLinkHandle_t)
    i._Z22APSMiddleLink_RegistryP21APSMiddleLinkHandle_tP5_taskP18_STBButtonHandle_tS4_P9_Bounce_TP28APSDataConfigurationHandle_t 0x08004364   Section        0  adapter_camera_middle_core.o(i._Z22APSMiddleLink_RegistryP21APSMiddleLinkHandle_tP5_taskP18_STBButtonHandle_tS4_P9_Bounce_TP28APSDataConfigurationHandle_t)
    i._Z24APSMiddleLink_ConfigDataP21APSMiddleLinkHandle_t 0x08004394   Section        0  adapter_camera_middle_core.o(i._Z24APSMiddleLink_ConfigDataP21APSMiddleLinkHandle_t)
    i._Z4diffii                              0x0800439a   Section        0  rcswitch.o(i._Z4diffii)
    diff(int, int)                           0x0800439b   Thumb Code     8  rcswitch.o(i._Z4diffii)
    i._ZN8RCSwitch11setProtocolEi            0x080043a4   Section        0  rcswitch.o(i._ZN8RCSwitch11setProtocolEi)
    i._ZN8RCSwitch13enableReceiveEi          0x080043c8   Section        0  rcswitch.o(i._ZN8RCSwitch13enableReceiveEi)
    i._ZN8RCSwitch13enableReceiveEv          0x080043d0   Section        0  rcswitch.o(i._ZN8RCSwitch13enableReceiveEv)
    i._ZN8RCSwitch14resetAvailableEv         0x080043e8   Section        0  rcswitch.o(i._ZN8RCSwitch14resetAvailableEv)
    i._ZN8RCSwitch15handleInterruptEv        0x080043f4   Section        0  rcswitch.o(i._ZN8RCSwitch15handleInterruptEv)
    i._ZN8RCSwitch15receiveProtocolEij       0x08004470   Section        0  rcswitch.o(i._ZN8RCSwitch15receiveProtocolEij)
    i._ZN8RCSwitch16getReceivedValueEv       0x08004548   Section        0  rcswitch.o(i._ZN8RCSwitch16getReceivedValueEv)
    i._ZN8RCSwitch20getReceivedBitlengthEv   0x08004554   Section        0  rcswitch.o(i._ZN8RCSwitch20getReceivedBitlengthEv)
    i._ZN8RCSwitch9availableEv               0x08004560   Section        0  rcswitch.o(i._ZN8RCSwitch9availableEv)
    i._ZN8RCSwitchC1Ev                       0x08004570   Section        0  rcswitch.o(i._ZN8RCSwitchC1Ev)
    i._ZSt6strchrPci                         0x0800459c   Section        0  adapter_camera_config.o(i._ZSt6strchrPci)
    i._ZSt6strstrPcPKc                       0x080045a0   Section        0  adapter_camera_config.o(i._ZSt6strstrPcPKc)
    i.__0vsprintf                            0x080045a4   Section        0  printfa.o(i.__0vsprintf)
    i.__aeabi_errno_addr                     0x080045c8   Section        0  errno.o(i.__aeabi_errno_addr)
    i.__scatterload_copy                     0x080045d0   Section       14  handlers.o(i.__scatterload_copy)
    i.__scatterload_null                     0x080045de   Section        2  handlers.o(i.__scatterload_null)
    i.__scatterload_zeroinit                 0x080045e0   Section       14  handlers.o(i.__scatterload_zeroinit)
    i.__sti___8_main_cpp_mySwitch            0x080045f0   Section        0  main.o(i.__sti___8_main_cpp_mySwitch)
    __sti___8_main_cpp_mySwitch              0x080045f1   Thumb Code     6  main.o(i.__sti___8_main_cpp_mySwitch)
    i._fp_digits                             0x080045fc   Section        0  printfa.o(i._fp_digits)
    _fp_digits                               0x080045fd   Thumb Code   334  printfa.o(i._fp_digits)
    i._printf_core                           0x08004760   Section        0  printfa.o(i._printf_core)
    _printf_core                             0x08004761   Thumb Code  1744  printfa.o(i._printf_core)
    i._printf_post_padding                   0x08004e3c   Section        0  printfa.o(i._printf_post_padding)
    _printf_post_padding                     0x08004e3d   Thumb Code    36  printfa.o(i._printf_post_padding)
    i._printf_pre_padding                    0x08004e60   Section        0  printfa.o(i._printf_pre_padding)
    _printf_pre_padding                      0x08004e61   Thumb Code    46  printfa.o(i._printf_pre_padding)
    i._sputc                                 0x08004e8e   Section        0  printfa.o(i._sputc)
    _sputc                                   0x08004e8f   Thumb Code    10  printfa.o(i._sputc)
    i.console_flush                          0x08004e98   Section        0  debug_console.o(i.console_flush)
    i.console_read                           0x08004eb4   Section        0  debug_console.o(i.console_read)
    i.hmSerialUartContinueTx                 0x08004f24   Section        0  hm_serial_uart8.o(i.hmSerialUartContinueTx)
    hmSerialUartContinueTx                   0x08004f25   Thumb Code    60  hm_serial_uart8.o(i.hmSerialUartContinueTx)
    i.main                                   0x08004f60   Section        0  main.o(i.main)
    i.micros                                 0x080050e0   Section        0  adapter_camera_config.o(i.micros)
    i.tick_Micros                            0x080050fc   Section        0  adapter_camera_config.o(i.tick_Micros)
    i.uart_printf                            0x0800510c   Section        0  user_debug.o(i.uart_printf)
    uart_printf                              0x0800510d   Thumb Code    44  user_debug.o(i.uart_printf)
    i.user_debug_print                       0x08005140   Section        0  user_debug.o(i.user_debug_print)
    .constdata                               0x08005184   Section       16  stm32f1xx_hal_rcc.o(.constdata)
    .constdata                               0x08005194   Section      120  rcswitch.o(.constdata)
    proto                                    0x08005194   Data          72  rcswitch.o(.constdata)
    .constdata                               0x0800520c   Section      129  ctype_o.o(.constdata)
    .constdata                               0x08005290   Section        4  ctype_o.o(.constdata)
    table                                    0x08005290   Data           4  ctype_o.o(.constdata)
    .conststring                             0x08005294   Section       46  rcswitch.o(.conststring)
    .init_array                              0x080052e4   Section        4  main.o(.init_array)
    .init_array                              0x080052e8   Section        0  cpp_init.o(.init_array)
    .data                                    0x20000000   Section        4  stm32f1xx_hal.o(.data)
    uwTick                                   0x20000000   Data           4  stm32f1xx_hal.o(.data)
    .data                                    0x20000004   Section        4  debug_console.o(.data)
    i                                        0x20000004   Data           4  debug_console.o(.data)
    .data                                    0x20000008   Section       24  adapter_camera_config.o(.data)
    us_Tick                                  0x2000000c   Data           4  adapter_camera_config.o(.data)
    timeLockTick                             0x20000010   Data           4  adapter_camera_config.o(.data)
    Flag                                     0x20000014   Data           4  adapter_camera_config.o(.data)
    time_tick                                0x20000018   Data           4  adapter_camera_config.o(.data)
    pData                                    0x2000001c   Data           4  adapter_camera_config.o(.data)
    .data                                    0x20000020   Section       32  rcswitch.o(.data)
    changeCount                              0x20000034   Data           4  rcswitch.o(.data)
    lastTime                                 0x20000038   Data           4  rcswitch.o(.data)
    repeatCount                              0x2000003c   Data           4  rcswitch.o(.data)
    .data                                    0x20000040   Section        4  main.o(.data)
    .data                                    0x20000044   Section        4  system_stm32f1xx.o(.data)
    .data                                    0x20000048   Section        4  errno.o(.data)
    _errno                                   0x20000048   Data           4  errno.o(.data)
    .bss                                     0x20000050   Section       32  stm32f1xx_hal_flash.o(.bss)
    .bss                                     0x20000070   Section      512  debug_console.o(.bss)
    consoleBuffer                            0x20000070   Data         512  debug_console.o(.bss)
    .bss                                     0x20000270   Section      256  user_debug.o(.bss)
    buffer                                   0x20000270   Data         256  user_debug.o(.bss)
    .bss                                     0x20000370   Section       20  adapter_camera_data_conf.o(.bss)
    .bss                                     0x20000384   Section      320  rcswitch.o(.bss)
    sReturn                                  0x20000384   Data          13  rcswitch.o(.bss)
    sReturn                                  0x20000391   Data          13  rcswitch.o(.bss)
    sReturn                                  0x2000039e   Data          13  rcswitch.o(.bss)
    sReturn                                  0x200003ab   Data          13  rcswitch.o(.bss)
    .bss                                     0x200004c4   Section     1032  main.o(.bss)
    .bss                                     0x200008cc   Section      180  tim.o(.bss)
    .bss                                     0x20000980   Section       48  adc.o(.bss)
    .bss                                     0x200009b0   Section       16  iwdg.o(.bss)
    .bss                                     0x200009c0   Section      316  usart.o(.bss)
    STACK                                    0x20000b00   Section     1024  startup_stm32f103xb.o(STACK)

    Global Symbols

    Symbol Name                              Value     Ov Type        Size  Object(Section)

    BuildAttributes$$THM_ISAv4$P$D$K$B$S$PE$A:L22UL41UL21$X:L11$S22US41US21$IEEE1$IW$USESV6$~STKCKD$USESV7$~SHL$OSPACE$ROPI$EBA8$MICROLIB$REQ8$PRES8$EABIv2 0x00000000   Number         0  anon$$obj.o ABSOLUTE
    __ARM_use_no_argv                        0x00000000   Number         0  main.o ABSOLUTE
    __cxa_finalize                            - Undefined Weak Reference
    __decompress                              - Undefined Weak Reference
    _clock_init                               - Undefined Weak Reference
    _microlib_exit                            - Undefined Weak Reference
    __Vectors_Size                           0x000000ec   Number         0  startup_stm32f103xb.o ABSOLUTE
    __Vectors                                0x08000000   Data           4  startup_stm32f103xb.o(RESET)
    __Vectors_End                            0x080000ec   Data           0  startup_stm32f103xb.o(RESET)
    __main                                   0x080000ed   Thumb Code     0  entry.o(.ARM.Collect$$$$00000000)
    _main_stk                                0x080000ed   Thumb Code     0  entry2.o(.ARM.Collect$$$$00000001)
    _main_scatterload                        0x080000f1   Thumb Code     0  entry5.o(.ARM.Collect$$$$00000004)
    __main_after_scatterload                 0x080000f5   Thumb Code     0  entry5.o(.ARM.Collect$$$$00000004)
    _main_clock                              0x080000f5   Thumb Code     0  entry7b.o(.ARM.Collect$$$$00000008)
    _main_cpp_init$empty                     0x080000f5   Thumb Code     0  entry8a.o(.ARM.Collect$$$$00000009)
    _main_cpp_init                           0x080000f9   Thumb Code     0  entry8b.o(.ARM.Collect$$$$0000000A)
    _main_init                               0x080000f9   Thumb Code     0  entry9a.o(.ARM.Collect$$$$0000000B)
    __rt_final_cpp                           0x08000101   Thumb Code     0  entry10a.o(.ARM.Collect$$$$0000000D)
    __rt_final_exit                          0x08000101   Thumb Code     0  entry11a.o(.ARM.Collect$$$$0000000F)
    Reset_Handler                            0x08000105   Thumb Code     8  startup_stm32f103xb.o(.text)
    SVC_Handler                              0x08000117   Thumb Code     2  startup_stm32f103xb.o(.text)
    PendSV_Handler                           0x0800011b   Thumb Code     2  startup_stm32f103xb.o(.text)
    CAN1_RX1_IRQHandler                      0x0800011f   Thumb Code     0  startup_stm32f103xb.o(.text)
    CAN1_SCE_IRQHandler                      0x0800011f   Thumb Code     0  startup_stm32f103xb.o(.text)
    DMA1_Channel1_IRQHandler                 0x0800011f   Thumb Code     0  startup_stm32f103xb.o(.text)
    DMA1_Channel4_IRQHandler                 0x0800011f   Thumb Code     0  startup_stm32f103xb.o(.text)
    DMA1_Channel5_IRQHandler                 0x0800011f   Thumb Code     0  startup_stm32f103xb.o(.text)
    DMA1_Channel6_IRQHandler                 0x0800011f   Thumb Code     0  startup_stm32f103xb.o(.text)
    DMA1_Channel7_IRQHandler                 0x0800011f   Thumb Code     0  startup_stm32f103xb.o(.text)
    EXTI15_10_IRQHandler                     0x0800011f   Thumb Code     0  startup_stm32f103xb.o(.text)
    EXTI1_IRQHandler                         0x0800011f   Thumb Code     0  startup_stm32f103xb.o(.text)
    EXTI2_IRQHandler                         0x0800011f   Thumb Code     0  startup_stm32f103xb.o(.text)
    EXTI3_IRQHandler                         0x0800011f   Thumb Code     0  startup_stm32f103xb.o(.text)
    EXTI4_IRQHandler                         0x0800011f   Thumb Code     0  startup_stm32f103xb.o(.text)
    FLASH_IRQHandler                         0x0800011f   Thumb Code     0  startup_stm32f103xb.o(.text)
    I2C1_ER_IRQHandler                       0x0800011f   Thumb Code     0  startup_stm32f103xb.o(.text)
    I2C1_EV_IRQHandler                       0x0800011f   Thumb Code     0  startup_stm32f103xb.o(.text)
    I2C2_ER_IRQHandler                       0x0800011f   Thumb Code     0  startup_stm32f103xb.o(.text)
    I2C2_EV_IRQHandler                       0x0800011f   Thumb Code     0  startup_stm32f103xb.o(.text)
    PVD_IRQHandler                           0x0800011f   Thumb Code     0  startup_stm32f103xb.o(.text)
    RCC_IRQHandler                           0x0800011f   Thumb Code     0  startup_stm32f103xb.o(.text)
    RTC_Alarm_IRQHandler                     0x0800011f   Thumb Code     0  startup_stm32f103xb.o(.text)
    RTC_IRQHandler                           0x0800011f   Thumb Code     0  startup_stm32f103xb.o(.text)
    SPI1_IRQHandler                          0x0800011f   Thumb Code     0  startup_stm32f103xb.o(.text)
    SPI2_IRQHandler                          0x0800011f   Thumb Code     0  startup_stm32f103xb.o(.text)
    TAMPER_IRQHandler                        0x0800011f   Thumb Code     0  startup_stm32f103xb.o(.text)
    TIM1_BRK_IRQHandler                      0x0800011f   Thumb Code     0  startup_stm32f103xb.o(.text)
    TIM1_CC_IRQHandler                       0x0800011f   Thumb Code     0  startup_stm32f103xb.o(.text)
    TIM1_TRG_COM_IRQHandler                  0x0800011f   Thumb Code     0  startup_stm32f103xb.o(.text)
    TIM1_UP_IRQHandler                       0x0800011f   Thumb Code     0  startup_stm32f103xb.o(.text)
    TIM2_IRQHandler                          0x0800011f   Thumb Code     0  startup_stm32f103xb.o(.text)
    USBWakeUp_IRQHandler                     0x0800011f   Thumb Code     0  startup_stm32f103xb.o(.text)
    USB_HP_CAN1_TX_IRQHandler                0x0800011f   Thumb Code     0  startup_stm32f103xb.o(.text)
    USB_LP_CAN1_RX0_IRQHandler               0x0800011f   Thumb Code     0  startup_stm32f103xb.o(.text)
    WWDG_IRQHandler                          0x0800011f   Thumb Code     0  startup_stm32f103xb.o(.text)
    __aeabi_llsr                             0x08000129   Thumb Code    32  llushr.o(.text)
    _ll_ushift_r                             0x08000129   Thumb Code     0  llushr.o(.text)
    __aeabi_memset                           0x08000149   Thumb Code    14  memseta.o(.text)
    __aeabi_memset4                          0x08000149   Thumb Code     0  memseta.o(.text)
    __aeabi_memset8                          0x08000149   Thumb Code     0  memseta.o(.text)
    __aeabi_memclr                           0x08000157   Thumb Code     4  memseta.o(.text)
    __aeabi_memclr4                          0x08000157   Thumb Code     0  memseta.o(.text)
    __aeabi_memclr8                          0x08000157   Thumb Code     0  memseta.o(.text)
    _memset$wrapper                          0x0800015b   Thumb Code    18  memseta.o(.text)
    strstr                                   0x0800016d   Thumb Code    36  strstr.o(.text)
    strchr                                   0x08000191   Thumb Code    20  strchr.o(.text)
    memcmp                                   0x080001a5   Thumb Code    26  memcmp.o(.text)
    atoi                                     0x080001bf   Thumb Code    26  atoi.o(.text)
    __cpp_initialize__aeabi_                 0x080001d9   Thumb Code    22  cpp_init.o(.text)
    __aeabi_uidiv                            0x080001f9   Thumb Code     0  uidiv.o(.text)
    __aeabi_uidivmod                         0x080001f9   Thumb Code    44  uidiv.o(.text)
    __aeabi_uldivmod                         0x08000225   Thumb Code    98  uldiv.o(.text)
    strtol                                   0x08000287   Thumb Code   112  strtol.o(.text)
    __I$use$fp                               0x080002f7   Thumb Code     0  iusefp.o(.text)
    __aeabi_dadd                             0x080002f7   Thumb Code   322  dadd.o(.text)
    __aeabi_dsub                             0x08000439   Thumb Code     6  dadd.o(.text)
    __aeabi_drsub                            0x0800043f   Thumb Code     6  dadd.o(.text)
    __aeabi_dmul                             0x08000445   Thumb Code   228  dmul.o(.text)
    __aeabi_ddiv                             0x08000529   Thumb Code   222  ddiv.o(.text)
    __aeabi_d2ulz                            0x08000607   Thumb Code    48  dfixul.o(.text)
    __aeabi_cdrcmple                         0x08000639   Thumb Code    48  cdrcmple.o(.text)
    __scatterload                            0x08000669   Thumb Code    28  init.o(.text)
    __scatterload_rt2                        0x08000669   Thumb Code     0  init.o(.text)
    __aeabi_llsl                             0x0800068d   Thumb Code    30  llshl.o(.text)
    _ll_shift_l                              0x0800068d   Thumb Code     0  llshl.o(.text)
    __aeabi_lasr                             0x080006ab   Thumb Code    36  llsshr.o(.text)
    _ll_sshift_r                             0x080006ab   Thumb Code     0  llsshr.o(.text)
    __rt_ctype_table                         0x080006d1   Thumb Code     4  ctype_o.o(.text)
    _strtoul                                 0x080006d9   Thumb Code   158  _strtoul.o(.text)
    _double_round                            0x08000777   Thumb Code    30  depilogue.o(.text)
    _double_epilogue                         0x08000795   Thumb Code   156  depilogue.o(.text)
    _chval                                   0x08000831   Thumb Code    28  _chval.o(.text)
    ADC1_2_IRQHandler                        0x0800084d   Thumb Code     6  stm32f1xx_it.o(i.ADC1_2_IRQHandler)
    ADC_ConversionStop_Disable               0x08000859   Thumb Code    76  stm32f1xx_hal_adc.o(i.ADC_ConversionStop_Disable)
    APSDataconfig_DefaultFlash               0x080008a5   Thumb Code    42  adapter_camera_data_conf.o(i.APSDataconfig_DefaultFlash)
    APSDataconfig_Init                       0x080008d1   Thumb Code    46  adapter_camera_data_conf.o(i.APSDataconfig_Init)
    APSDataconfig_ReadFlash                  0x08000905   Thumb Code    18  adapter_camera_data_conf.o(i.APSDataconfig_ReadFlash)
    APSDataconfig_WriteFlash                 0x08000919   Thumb Code    66  adapter_camera_data_conf.o(i.APSDataconfig_WriteFlash)
    Bounce_Attach                            0x08000961   Thumb Code    36  di_debounce.o(i.Bounce_Attach)
    Bounce_Init                              0x08000985   Thumb Code    28  di_debounce.o(i.Bounce_Init)
    Bounce_Read                              0x080009a1   Thumb Code     4  di_debounce.o(i.Bounce_Read)
    Bounce_SetInterval                       0x080009a5   Thumb Code     4  di_debounce.o(i.Bounce_SetInterval)
    Bounce_Update                            0x080009a9   Thumb Code    72  di_debounce.o(i.Bounce_Update)
    BusFault_Handler                         0x080009f1   Thumb Code     2  stm32f1xx_it.o(i.BusFault_Handler)
    Core_ConfData                            0x080009f5   Thumb Code   422  adapter_camera_config.o(i.Core_ConfData)
    Core_Init                                0x08000cf1   Thumb Code    32  adapter_camera_config.o(i.Core_Init)
    Core_Process_Task                        0x08000d11   Thumb Code   470  adapter_camera_config.o(i.Core_Process_Task)
    Core_Start                               0x08000fa5   Thumb Code    12  adapter_camera_config.o(i.Core_Start)
    DMA1_Channel2_IRQHandler                 0x08000fb1   Thumb Code     6  stm32f1xx_it.o(i.DMA1_Channel2_IRQHandler)
    DMA1_Channel3_IRQHandler                 0x08000fbd   Thumb Code     6  stm32f1xx_it.o(i.DMA1_Channel3_IRQHandler)
    DebugMon_Handler                         0x08000fe7   Thumb Code     2  stm32f1xx_it.o(i.DebugMon_Handler)
    EXTI0_IRQHandler                         0x08000fe9   Thumb Code     6  stm32f1xx_it.o(i.EXTI0_IRQHandler)
    EXTI9_5_IRQHandler                       0x08000fef   Thumb Code     6  stm32f1xx_it.o(i.EXTI9_5_IRQHandler)
    FLASH_PageErase                          0x08001019   Thumb Code    28  stm32f1xx_hal_flash_ex.o(i.FLASH_PageErase)
    FLASH_WaitForLastOperation               0x0800109d   Thumb Code    80  stm32f1xx_hal_flash.o(i.FLASH_WaitForLastOperation)
    Flash_If_DeInit                          0x080010f1   Thumb Code    10  stm32f1xx_flash_if.o(i.Flash_If_DeInit)
    Flash_If_EraseStart                      0x080010fb   Thumb Code    32  stm32f1xx_flash_if.o(i.Flash_If_EraseStart)
    Flash_If_Init                            0x0800111b   Thumb Code    10  stm32f1xx_flash_if.o(i.Flash_If_Init)
    Flash_If_Read                            0x08001125   Thumb Code    24  stm32f1xx_flash_if.o(i.Flash_If_Read)
    Flash_If_Write                           0x0800113d   Thumb Code    56  stm32f1xx_flash_if.o(i.Flash_If_Write)
    HAL_ADCEx_InjectedConvCpltCallback       0x08001175   Thumb Code     2  stm32f1xx_hal_adc_ex.o(i.HAL_ADCEx_InjectedConvCpltCallback)
    HAL_ADC_ConfigChannel                    0x08001179   Thumb Code   346  stm32f1xx_hal_adc.o(i.HAL_ADC_ConfigChannel)
    HAL_ADC_ConvCpltCallback                 0x080012e1   Thumb Code     2  stm32f1xx_hal_adc.o(i.HAL_ADC_ConvCpltCallback)
    HAL_ADC_IRQHandler                       0x080012e3   Thumb Code   230  stm32f1xx_hal_adc.o(i.HAL_ADC_IRQHandler)
    HAL_ADC_Init                             0x080013c9   Thumb Code   300  stm32f1xx_hal_adc.o(i.HAL_ADC_Init)
    HAL_ADC_LevelOutOfWindowCallback         0x080014fd   Thumb Code     2  stm32f1xx_hal_adc.o(i.HAL_ADC_LevelOutOfWindowCallback)
    HAL_ADC_MspInit                          0x08001501   Thumb Code    66  adc.o(i.HAL_ADC_MspInit)
    HAL_DMA_IRQHandler                       0x08001551   Thumb Code   616  stm32f1xx_hal_dma.o(i.HAL_DMA_IRQHandler)
    HAL_DMA_Init                             0x080017bd   Thumb Code    80  stm32f1xx_hal_dma.o(i.HAL_DMA_Init)
    HAL_DMA_Start_IT                         0x0800180d   Thumb Code    88  stm32f1xx_hal_dma.o(i.HAL_DMA_Start_IT)
    HAL_Delay                                0x08001865   Thumb Code    22  stm32f1xx_hal.o(i.HAL_Delay)
    HAL_FLASHEx_Erase                        0x0800187d   Thumb Code   160  stm32f1xx_hal_flash_ex.o(i.HAL_FLASHEx_Erase)
    HAL_FLASH_Lock                           0x08001925   Thumb Code    14  stm32f1xx_hal_flash.o(i.HAL_FLASH_Lock)
    HAL_FLASH_Program                        0x08001939   Thumb Code   120  stm32f1xx_hal_flash.o(i.HAL_FLASH_Program)
    HAL_FLASH_Unlock                         0x080019b9   Thumb Code    24  stm32f1xx_hal_flash.o(i.HAL_FLASH_Unlock)
    HAL_GPIO_EXTI_Callback                   0x080019dd   Thumb Code    24  main.o(i.HAL_GPIO_EXTI_Callback)
    HAL_GPIO_EXTI_IRQHandler                 0x080019f9   Thumb Code    18  stm32f1xx_hal_gpio.o(i.HAL_GPIO_EXTI_IRQHandler)
    HAL_GPIO_Init                            0x08001a11   Thumb Code   408  stm32f1xx_hal_gpio.o(i.HAL_GPIO_Init)
    HAL_GPIO_ReadPin                         0x08001bcd   Thumb Code    10  stm32f1xx_hal_gpio.o(i.HAL_GPIO_ReadPin)
    HAL_GPIO_TogglePin                       0x08001bd7   Thumb Code     8  stm32f1xx_hal_gpio.o(i.HAL_GPIO_TogglePin)
    HAL_GPIO_WritePin                        0x08001bdf   Thumb Code    10  stm32f1xx_hal_gpio.o(i.HAL_GPIO_WritePin)
    HAL_GetTick                              0x08001be9   Thumb Code     6  stm32f1xx_hal.o(i.HAL_GetTick)
    HAL_IWDG_Init                            0x08001bf5   Thumb Code    90  stm32f1xx_hal_iwdg.o(i.HAL_IWDG_Init)
    HAL_IWDG_MspInit                         0x08001c4f   Thumb Code     2  stm32f1xx_hal_iwdg.o(i.HAL_IWDG_MspInit)
    HAL_IWDG_Refresh                         0x08001c51   Thumb Code    84  stm32f1xx_hal_iwdg.o(i.HAL_IWDG_Refresh)
    HAL_IWDG_Start                           0x08001ca5   Thumb Code    42  stm32f1xx_hal_iwdg.o(i.HAL_IWDG_Start)
    HAL_IncTick                              0x08001cd1   Thumb Code    10  stm32f1xx_hal.o(i.HAL_IncTick)
    HAL_Init                                 0x08001ce1   Thumb Code    32  stm32f1xx_hal.o(i.HAL_Init)
    HAL_InitTick                             0x08001d05   Thumb Code    34  stm32f1xx_hal.o(i.HAL_InitTick)
    HAL_MspInit                              0x08001d29   Thumb Code    86  stm32f1xx_hal_msp.o(i.HAL_MspInit)
    HAL_NVIC_EnableIRQ                       0x08001d85   Thumb Code    22  stm32f1xx_hal_cortex.o(i.HAL_NVIC_EnableIRQ)
    HAL_NVIC_SetPriority                     0x08001d9d   Thumb Code    60  stm32f1xx_hal_cortex.o(i.HAL_NVIC_SetPriority)
    HAL_NVIC_SetPriorityGrouping             0x08001ddd   Thumb Code    26  stm32f1xx_hal_cortex.o(i.HAL_NVIC_SetPriorityGrouping)
    HAL_RCCEx_PeriphCLKConfig                0x08001e01   Thumb Code   282  stm32f1xx_hal_rcc_ex.o(i.HAL_RCCEx_PeriphCLKConfig)
    HAL_RCC_ClockConfig                      0x08001f29   Thumb Code   638  stm32f1xx_hal_rcc.o(i.HAL_RCC_ClockConfig)
    HAL_RCC_GetHCLKFreq                      0x080021b1   Thumb Code    38  stm32f1xx_hal_rcc.o(i.HAL_RCC_GetHCLKFreq)
    HAL_RCC_GetPCLK1Freq                     0x080021e5   Thumb Code    36  stm32f1xx_hal_rcc.o(i.HAL_RCC_GetPCLK1Freq)
    HAL_RCC_GetPCLK2Freq                     0x08002211   Thumb Code    36  stm32f1xx_hal_rcc.o(i.HAL_RCC_GetPCLK2Freq)
    HAL_RCC_GetSysClockFreq                  0x0800223d   Thumb Code   106  stm32f1xx_hal_rcc.o(i.HAL_RCC_GetSysClockFreq)
    HAL_RCC_OscConfig                        0x080022c9   Thumb Code  1586  stm32f1xx_hal_rcc.o(i.HAL_RCC_OscConfig)
    HAL_SYSTICK_CLKSourceConfig              0x080028fb   Thumb Code    24  stm32f1xx_hal_cortex.o(i.HAL_SYSTICK_CLKSourceConfig)
    HAL_SYSTICK_Callback                     0x08002913   Thumb Code     2  stm32f1xx_hal_cortex.o(i.HAL_SYSTICK_Callback)
    HAL_SYSTICK_Config                       0x08002915   Thumb Code    40  stm32f1xx_hal_cortex.o(i.HAL_SYSTICK_Config)
    HAL_SYSTICK_IRQHandler                   0x0800293d   Thumb Code     8  stm32f1xx_hal_cortex.o(i.HAL_SYSTICK_IRQHandler)
    HAL_TIMEx_BreakCallback                  0x08002945   Thumb Code     2  stm32f1xx_hal_tim_ex.o(i.HAL_TIMEx_BreakCallback)
    HAL_TIMEx_CommutationCallback            0x08002947   Thumb Code     2  stm32f1xx_hal_tim_ex.o(i.HAL_TIMEx_CommutationCallback)
    HAL_TIMEx_MasterConfigSynchronization    0x08002949   Thumb Code    80  stm32f1xx_hal_tim_ex.o(i.HAL_TIMEx_MasterConfigSynchronization)
    HAL_TIM_Base_Init                        0x08002999   Thumb Code    54  stm32f1xx_hal_tim.o(i.HAL_TIM_Base_Init)
    HAL_TIM_Base_MspInit                     0x080029d1   Thumb Code    72  tim.o(i.HAL_TIM_Base_MspInit)
    HAL_TIM_Base_Start                       0x08002a25   Thumb Code    26  stm32f1xx_hal_tim.o(i.HAL_TIM_Base_Start)
    HAL_TIM_Base_Start_IT                    0x08002a3f   Thumb Code    24  stm32f1xx_hal_tim.o(i.HAL_TIM_Base_Start_IT)
    HAL_TIM_ConfigClockSource                0x08002a57   Thumb Code   242  stm32f1xx_hal_tim.o(i.HAL_TIM_ConfigClockSource)
    HAL_TIM_IC_CaptureCallback               0x08002b49   Thumb Code    34  main.o(i.HAL_TIM_IC_CaptureCallback)
    HAL_TIM_IC_ConfigChannel                 0x08002b75   Thumb Code   286  stm32f1xx_hal_tim.o(i.HAL_TIM_IC_ConfigChannel)
    HAL_TIM_IC_Init                          0x08002c93   Thumb Code    54  stm32f1xx_hal_tim.o(i.HAL_TIM_IC_Init)
    HAL_TIM_IC_MspInit                       0x08002cc9   Thumb Code    68  tim.o(i.HAL_TIM_IC_MspInit)
    HAL_TIM_IC_Start_IT                      0x08002d19   Thumb Code    76  stm32f1xx_hal_tim.o(i.HAL_TIM_IC_Start_IT)
    HAL_TIM_IRQHandler                       0x08002d65   Thumb Code   358  stm32f1xx_hal_tim.o(i.HAL_TIM_IRQHandler)
    HAL_TIM_OC_DelayElapsedCallback          0x08002ecb   Thumb Code     2  stm32f1xx_hal_tim.o(i.HAL_TIM_OC_DelayElapsedCallback)
    HAL_TIM_PWM_PulseFinishedCallback        0x08002ecd   Thumb Code     2  stm32f1xx_hal_tim.o(i.HAL_TIM_PWM_PulseFinishedCallback)
    HAL_TIM_PeriodElapsedCallback            0x08002ed1   Thumb Code    12  main.o(i.HAL_TIM_PeriodElapsedCallback)
    HAL_TIM_TriggerCallback                  0x08002ee1   Thumb Code     2  stm32f1xx_hal_tim.o(i.HAL_TIM_TriggerCallback)
    HAL_UART_ErrorCallback                   0x08002ee3   Thumb Code     2  stm32f1xx_hal_uart.o(i.HAL_UART_ErrorCallback)
    HAL_UART_IRQHandler                      0x08002ee5   Thumb Code   218  stm32f1xx_hal_uart.o(i.HAL_UART_IRQHandler)
    HAL_UART_Init                            0x08002fbf   Thumb Code    94  stm32f1xx_hal_uart.o(i.HAL_UART_Init)
    HAL_UART_MspInit                         0x0800301d   Thumb Code   300  usart.o(i.HAL_UART_MspInit)
    HAL_UART_Receive                         0x08003169   Thumb Code   204  stm32f1xx_hal_uart.o(i.HAL_UART_Receive)
    HAL_UART_Receive_DMA                     0x08003235   Thumb Code   122  stm32f1xx_hal_uart.o(i.HAL_UART_Receive_DMA)
    HAL_UART_Receive_IT                      0x080032bd   Thumb Code   106  stm32f1xx_hal_uart.o(i.HAL_UART_Receive_IT)
    HAL_UART_RxCpltCallback                  0x08003329   Thumb Code    14  serial_debug_config.o(i.HAL_UART_RxCpltCallback)
    HAL_UART_RxHalfCpltCallback              0x0800333d   Thumb Code     2  stm32f1xx_hal_uart.o(i.HAL_UART_RxHalfCpltCallback)
    HAL_UART_Transmit                        0x08003341   Thumb Code   204  stm32f1xx_hal_uart.o(i.HAL_UART_Transmit)
    HAL_UART_Transmit_DMA                    0x0800340d   Thumb Code   130  stm32f1xx_hal_uart.o(i.HAL_UART_Transmit_DMA)
    HAL_UART_Transmit_IT                     0x0800349d   Thumb Code    86  stm32f1xx_hal_uart.o(i.HAL_UART_Transmit_IT)
    HAL_UART_TxCpltCallback                  0x080034f5   Thumb Code    14  serial_debug_config.o(i.HAL_UART_TxCpltCallback)
    HAL_UART_TxHalfCpltCallback              0x08003509   Thumb Code     2  stm32f1xx_hal_uart.o(i.HAL_UART_TxHalfCpltCallback)
    HardFault_Handler                        0x0800350b   Thumb Code     2  stm32f1xx_it.o(i.HardFault_Handler)
    HmLogUart8Thread_Init                    0x0800350d   Thumb Code    24  serial_debug_config.o(i.HmLogUart8Thread_Init)
    HmLogUart8Thread_RegistryUartHandle      0x08003525   Thumb Code    46  serial_debug_config.o(i.HmLogUart8Thread_RegistryUartHandle)
    HmLogUart8Thread_Start                   0x08003553   Thumb Code    22  serial_debug_config.o(i.HmLogUart8Thread_Start)
    HmSerialUart8_Delay                      0x08003569   Thumb Code     4  hm_serial_uart8.o(i.HmSerialUart8_Delay)
    HmSerialUart8_Init                       0x0800356d   Thumb Code    20  hm_serial_uart8.o(i.HmSerialUart8_Init)
    HmSerialUart8_MspInit                    0x08003581   Thumb Code     4  serial_debug_config.o(i.HmSerialUart8_MspInit)
    HmSerialUart8_Receive                    0x08003585   Thumb Code   106  hm_serial_uart8.o(i.HmSerialUart8_Receive)
    HmSerialUart8_Registry                   0x080035ef   Thumb Code    32  hm_serial_uart8.o(i.HmSerialUart8_Registry)
    HmSerialUart8_RxAvailable                0x0800360f   Thumb Code    64  hm_serial_uart8.o(i.HmSerialUart8_RxAvailable)
    HmSerialUart8_RxCpltCb                   0x0800364f   Thumb Code    78  hm_serial_uart8.o(i.HmSerialUart8_RxCpltCb)
    HmSerialUart8_RxFlush                    0x0800369d   Thumb Code    48  hm_serial_uart8.o(i.HmSerialUart8_RxFlush)
    HmSerialUart8_Start                      0x080036cd   Thumb Code    54  hm_serial_uart8.o(i.HmSerialUart8_Start)
    HmSerialUart8_Transmit                   0x08003703   Thumb Code   152  hm_serial_uart8.o(i.HmSerialUart8_Transmit)
    HmSerialUart8_TxCpltCb                   0x0800379b   Thumb Code    68  hm_serial_uart8.o(i.HmSerialUart8_TxCpltCb)
    MX_ADC1_Init                             0x080037e1   Thumb Code    50  adc.o(i.MX_ADC1_Init)
    MX_DMA_Init                              0x0800381d   Thumb Code    56  dma.o(i.MX_DMA_Init)
    MX_GPIO_Init                             0x08003859   Thumb Code   274  gpio.o(i.MX_GPIO_Init)
    MX_IWDG_Init                             0x08003981   Thumb Code    20  iwdg.o(i.MX_IWDG_Init)
    MX_TIM1_Init                             0x0800399d   Thumb Code    60  tim.o(i.MX_TIM1_Init)
    MX_TIM3_Init                             0x080039e1   Thumb Code    64  tim.o(i.MX_TIM3_Init)
    MX_TIM4_Init                             0x08003a29   Thumb Code    68  tim.o(i.MX_TIM4_Init)
    MX_USART1_UART_Init                      0x08003a7d   Thumb Code    34  usart.o(i.MX_USART1_UART_Init)
    MX_USART3_UART_Init                      0x08003aa9   Thumb Code    32  usart.o(i.MX_USART3_UART_Init)
    MemManage_Handler                        0x08003ad1   Thumb Code     2  stm32f1xx_it.o(i.MemManage_Handler)
    NMI_Handler                              0x08003ad3   Thumb Code     2  stm32f1xx_it.o(i.NMI_Handler)
    STBButton_Init                           0x08003af5   Thumb Code    26  button_driver.o(i.STBButton_Init)
    STBButton_LL_GetPin                      0x08003b11   Thumb Code     8  adapter_camera_config.o(i.STBButton_LL_GetPin)
    STBButton_LL_Init                        0x08003b1d   Thumb Code     2  adapter_camera_config.o(i.STBButton_LL_Init)
    STBButton_LL_Start                       0x08003b1f   Thumb Code     2  adapter_camera_config.o(i.STBButton_LL_Start)
    STBButton_ProcessISR                     0x08003b21   Thumb Code    14  button_driver.o(i.STBButton_ProcessISR)
    STBButton_ProcessTask                    0x08003b2f   Thumb Code   100  button_driver.o(i.STBButton_ProcessTask)
    STBButton_Start                          0x08003b93   Thumb Code    24  button_driver.o(i.STBButton_Start)
    STBRf_Io_ProcessTask                     0x08003bab   Thumb Code    14  button_driver.o(i.STBRf_Io_ProcessTask)
    STBRf_Io_Start                           0x08003bb9   Thumb Code    14  button_driver.o(i.STBRf_Io_Start)
    STB_LL_GetDeltaTick                      0x08003bc7   Thumb Code    12  button_driver.o(i.STB_LL_GetDeltaTick)
    STB_LL_GetTick                           0x08003bd3   Thumb Code     4  button_driver.o(i.STB_LL_GetTick)
    SysTick_Handler                          0x08003bd7   Thumb Code    14  stm32f1xx_it.o(i.SysTick_Handler)
    SystemInit                               0x08003be5   Thumb Code    56  system_stm32f1xx.o(i.SystemInit)
    TIM3_IRQHandler                          0x08003c2d   Thumb Code     6  stm32f1xx_it.o(i.TIM3_IRQHandler)
    TIM4_IRQHandler                          0x08003c39   Thumb Code     6  stm32f1xx_it.o(i.TIM4_IRQHandler)
    TIM_Base_SetConfig                       0x08003c45   Thumb Code    86  stm32f1xx_hal_tim.o(i.TIM_Base_SetConfig)
    TIM_CCxChannelCmd                        0x08003ca9   Thumb Code    22  stm32f1xx_hal_tim.o(i.TIM_CCxChannelCmd)
    TIM_TI1_SetConfig                        0x08003d05   Thumb Code    76  stm32f1xx_hal_tim.o(i.TIM_TI1_SetConfig)
    USART1_IRQHandler                        0x080040cd   Thumb Code     6  stm32f1xx_it.o(i.USART1_IRQHandler)
    USART2_IRQHandler                        0x080040d9   Thumb Code     6  stm32f1xx_it.o(i.USART2_IRQHandler)
    USART3_IRQHandler                        0x080040e5   Thumb Code     6  stm32f1xx_it.o(i.USART3_IRQHandler)
    UsageFault_Handler                       0x080040f1   Thumb Code     2  stm32f1xx_it.o(i.UsageFault_Handler)
    RF_Io_ProcessISR(unsigned char)          0x080040f5   Thumb Code    12  main.o(i._Z16RF_Io_ProcessISRh)
    APSMiddleLink_Init(APSMiddleLinkHandle_t*) 0x0800411d   Thumb Code    16  adapter_camera_middle_core.o(i._Z18APSMiddleLink_InitP21APSMiddleLinkHandle_t)
    SystemClock_Config()                     0x0800412d   Thumb Code   112  main.o(i._Z18SystemClock_Configv)
    APSMiddleLink_Start(APSMiddleLinkHandle_t*) 0x0800419d   Thumb Code    64  adapter_camera_middle_core.o(i._Z19APSMiddleLink_StartP21APSMiddleLinkHandle_t)
    APSMiddleLink_Process(APSMiddleLinkHandle_t*) 0x0800433d   Thumb Code    40  adapter_camera_middle_core.o(i._Z21APSMiddleLink_ProcessP21APSMiddleLinkHandle_t)
    APSMiddleLink_Registry(APSMiddleLinkHandle_t*, _task*, _STBButtonHandle_t*, _STBButtonHandle_t*, _Bounce_T*, APSDataConfigurationHandle_t*) 0x08004365   Thumb Code    48  adapter_camera_middle_core.o(i._Z22APSMiddleLink_RegistryP21APSMiddleLinkHandle_tP5_taskP18_STBButtonHandle_tS4_P9_Bounce_TP28APSDataConfigurationHandle_t)
    APSMiddleLink_ConfigData(APSMiddleLinkHandle_t*) 0x08004395   Thumb Code     6  adapter_camera_middle_core.o(i._Z24APSMiddleLink_ConfigDataP21APSMiddleLinkHandle_t)
    RCSwitch::setProtocol(int)               0x080043a5   Thumb Code    30  rcswitch.o(i._ZN8RCSwitch11setProtocolEi)
    RCSwitch::enableReceive(int)             0x080043c9   Thumb Code     6  rcswitch.o(i._ZN8RCSwitch13enableReceiveEi)
    RCSwitch::enableReceive()                0x080043d1   Thumb Code    20  rcswitch.o(i._ZN8RCSwitch13enableReceiveEv)
    RCSwitch::resetAvailable()               0x080043e9   Thumb Code     8  rcswitch.o(i._ZN8RCSwitch14resetAvailableEv)
    RCSwitch::handleInterrupt()              0x080043f5   Thumb Code   114  rcswitch.o(i._ZN8RCSwitch15handleInterruptEv)
    RCSwitch::receiveProtocol(int, unsigned) 0x08004471   Thumb Code   202  rcswitch.o(i._ZN8RCSwitch15receiveProtocolEij)
    RCSwitch::getReceivedValue()             0x08004549   Thumb Code     6  rcswitch.o(i._ZN8RCSwitch16getReceivedValueEv)
    RCSwitch::getReceivedBitlength()         0x08004555   Thumb Code     6  rcswitch.o(i._ZN8RCSwitch20getReceivedBitlengthEv)
    RCSwitch::available()                    0x08004561   Thumb Code    12  rcswitch.o(i._ZN8RCSwitch9availableEv)
    RCSwitch::RCSwitch()                     0x08004571   Thumb Code    38  rcswitch.o(i._ZN8RCSwitchC1Ev)
    RCSwitch::RCSwitch__sub_object()         0x08004571   Thumb Code     0  rcswitch.o(i._ZN8RCSwitchC1Ev)
    std::strchr(char*, int)                  0x0800459d   Thumb Code     4  adapter_camera_config.o(i._ZSt6strchrPci)
    std::strstr(char*, const char*)          0x080045a1   Thumb Code     4  adapter_camera_config.o(i._ZSt6strstrPcPKc)
    __0vsprintf                              0x080045a5   Thumb Code    30  printfa.o(i.__0vsprintf)
    __1vsprintf                              0x080045a5   Thumb Code     0  printfa.o(i.__0vsprintf)
    __2vsprintf                              0x080045a5   Thumb Code     0  printfa.o(i.__0vsprintf)
    __c89vsprintf                            0x080045a5   Thumb Code     0  printfa.o(i.__0vsprintf)
    vsprintf                                 0x080045a5   Thumb Code     0  printfa.o(i.__0vsprintf)
    __aeabi_errno_addr                       0x080045c9   Thumb Code     4  errno.o(i.__aeabi_errno_addr)
    __rt_errno_addr                          0x080045c9   Thumb Code     0  errno.o(i.__aeabi_errno_addr)
    __scatterload_copy                       0x080045d1   Thumb Code    14  handlers.o(i.__scatterload_copy)
    __scatterload_null                       0x080045df   Thumb Code     2  handlers.o(i.__scatterload_null)
    __scatterload_zeroinit                   0x080045e1   Thumb Code    14  handlers.o(i.__scatterload_zeroinit)
    console_flush                            0x08004e99   Thumb Code    24  debug_console.o(i.console_flush)
    console_read                             0x08004eb5   Thumb Code    98  debug_console.o(i.console_read)
    main                                     0x08004f61   Thumb Code   328  main.o(i.main)
    micros                                   0x080050e1   Thumb Code    18  adapter_camera_config.o(i.micros)
    tick_Micros                              0x080050fd   Thumb Code    10  adapter_camera_config.o(i.tick_Micros)
    user_debug_print                         0x08005141   Thumb Code    52  user_debug.o(i.user_debug_print)
    aAPBAHBPrescTable                        0x08005184   Data          16  stm32f1xx_hal_rcc.o(.constdata)
    __ctype_table                            0x0800520c   Data         129  ctype_o.o(.constdata)
    Region$$Table$$Base                      0x080052c4   Number         0  anon$$obj.o(Region$$Table)
    Region$$Table$$Limit                     0x080052e4   Number         0  anon$$obj.o(Region$$Table)
    SHT$$INIT_ARRAY$$Base                    0x080052e4   Number         0  main.o(.init_array)
    SHT$$INIT_ARRAY$$Limit                   0x080052e8   Number         0  cpp_init.o(.init_array)
    counter_t                                0x20000008   Data           1  adapter_camera_config.o(.data)
    flag_                                    0x20000009   Data           1  adapter_camera_config.o(.data)
    temp_reset                               0x2000000a   Data           1  adapter_camera_config.o(.data)
    RCSwitch::nReceiveTolerance              0x20000020   Data           4  rcswitch.o(.data)
    RCSwitch::nReceivedValue                 0x20000024   Data           4  rcswitch.o(.data)
    RCSwitch::nReceivedBitlength             0x20000028   Data           4  rcswitch.o(.data)
    RCSwitch::nReceivedDelay                 0x2000002c   Data           4  rcswitch.o(.data)
    RCSwitch::nReceivedProtocol              0x20000030   Data           4  rcswitch.o(.data)
    counter                                  0x20000040   Data           4  main.o(.data)
    SystemCoreClock                          0x20000044   Data           4  system_stm32f1xx.o(.data)
    pFlash                                   0x20000050   Data          32  stm32f1xx_hal_flash.o(.bss)
    config_Buffer                            0x20000370   Data          20  adapter_camera_data_conf.o(.bss)
    RCSwitch::timings                        0x200003b8   Data         268  rcswitch.o(.bss)
    hm_log_thread_handle                     0x200004c4   Data         852  main.o(.bss)
    adapter_diddle_link_handle               0x20000818   Data          24  main.o(.bss)
    button_Handle                            0x20000830   Data          24  main.o(.bss)
    rf_io_Handle                             0x20000848   Data          24  main.o(.bss)
    core_handle                              0x20000860   Data          40  main.o(.bss)
    adapter_camera_data_conf_handle          0x20000888   Data          24  main.o(.bss)
    mySwitch                                 0x200008a0   Data          24  main.o(.bss)
    bounceAc                                 0x200008b8   Data          20  main.o(.bss)
    htim1                                    0x200008cc   Data          60  tim.o(.bss)
    htim3                                    0x20000908   Data          60  tim.o(.bss)
    htim4                                    0x20000944   Data          60  tim.o(.bss)
    hadc1                                    0x20000980   Data          48  adc.o(.bss)
    hiwdg                                    0x200009b0   Data          16  iwdg.o(.bss)
    huart1                                   0x200009c0   Data          68  usart.o(.bss)
    huart2                                   0x20000a04   Data          68  usart.o(.bss)
    huart3                                   0x20000a48   Data          68  usart.o(.bss)
    hdma_usart3_tx                           0x20000a8c   Data          56  usart.o(.bss)
    hdma_usart3_rx                           0x20000ac4   Data          56  usart.o(.bss)
    __initial_sp                             0x20000f00   Data           0  startup_stm32f103xb.o(STACK)



==============================================================================

Memory Map of the image

  Image Entry point : 0x080000ed

  Load Region LR_IROM1 (Base: 0x08000000, Size: 0x00005334, Max: 0x0000fc00, ABSOLUTE)

    Execution Region ER_IROM1 (Base: 0x08000000, Size: 0x000052e8, Max: 0x0000fc00, ABSOLUTE)

    Base Addr    Size         Type   Attr      Idx    E Section Name        Object

    0x08000000   0x000000ec   Data   RO         4107    RESET               startup_stm32f103xb.o
    0x080000ec   0x00000000   Code   RO         4203  * .ARM.Collect$$$$00000000  mc_w.l(entry.o)
    0x080000ec   0x00000004   Code   RO         4255    .ARM.Collect$$$$00000001  mc_w.l(entry2.o)
    0x080000f0   0x00000004   Code   RO         4258    .ARM.Collect$$$$00000004  mc_w.l(entry5.o)
    0x080000f4   0x00000000   Code   RO         4260    .ARM.Collect$$$$00000008  mc_w.l(entry7b.o)
    0x080000f4   0x00000004   Code   RO         4261    .ARM.Collect$$$$00000009  mc_w.l(entry8a.o)
    0x080000f8   0x00000000   Code   RO         4262    .ARM.Collect$$$$0000000A  mc_w.l(entry8b.o)
    0x080000f8   0x00000008   Code   RO         4263    .ARM.Collect$$$$0000000B  mc_w.l(entry9a.o)
    0x08000100   0x00000000   Code   RO         4265    .ARM.Collect$$$$0000000D  mc_w.l(entry10a.o)
    0x08000100   0x00000000   Code   RO         4267    .ARM.Collect$$$$0000000F  mc_w.l(entry11a.o)
    0x08000100   0x00000004   Code   RO         4256    .ARM.Collect$$$$00002712  mc_w.l(entry2.o)
    0x08000104   0x00000024   Code   RO         4108    .text               startup_stm32f103xb.o
    0x08000128   0x00000020   Code   RO         4206    .text               mc_w.l(llushr.o)
    0x08000148   0x00000024   Code   RO         4210    .text               mc_w.l(memseta.o)
    0x0800016c   0x00000024   Code   RO         4212    .text               mc_w.l(strstr.o)
    0x08000190   0x00000014   Code   RO         4214    .text               mc_w.l(strchr.o)
    0x080001a4   0x0000001a   Code   RO         4216    .text               mc_w.l(memcmp.o)
    0x080001be   0x0000001a   Code   RO         4248    .text               mc_w.l(atoi.o)
    0x080001d8   0x00000020   Code   RO         4253    .text               mc_w.l(cpp_init.o)
    0x080001f8   0x0000002c   Code   RO         4272    .text               mc_w.l(uidiv.o)
    0x08000224   0x00000062   Code   RO         4274    .text               mc_w.l(uldiv.o)
    0x08000286   0x00000070   Code   RO         4283    .text               mc_w.l(strtol.o)
    0x080002f6   0x00000000   Code   RO         4285    .text               mc_w.l(iusefp.o)
    0x080002f6   0x0000014e   Code   RO         4286    .text               mf_w.l(dadd.o)
    0x08000444   0x000000e4   Code   RO         4288    .text               mf_w.l(dmul.o)
    0x08000528   0x000000de   Code   RO         4290    .text               mf_w.l(ddiv.o)
    0x08000606   0x00000030   Code   RO         4292    .text               mf_w.l(dfixul.o)
    0x08000636   0x00000002   PAD
    0x08000638   0x00000030   Code   RO         4294    .text               mf_w.l(cdrcmple.o)
    0x08000668   0x00000024   Code   RO         4296    .text               mc_w.l(init.o)
    0x0800068c   0x0000001e   Code   RO         4299    .text               mc_w.l(llshl.o)
    0x080006aa   0x00000024   Code   RO         4301    .text               mc_w.l(llsshr.o)
    0x080006ce   0x00000002   PAD
    0x080006d0   0x00000008   Code   RO         4303    .text               mc_w.l(ctype_o.o)
    0x080006d8   0x0000009e   Code   RO         4331    .text               mc_w.l(_strtoul.o)
    0x08000776   0x000000ba   Code   RO         4334    .text               mf_w.l(depilogue.o)
    0x08000830   0x0000001c   Code   RO         4336    .text               mc_w.l(_chval.o)
    0x0800084c   0x0000000c   Code   RO         3783    i.ADC1_2_IRQHandler  stm32f1xx_it.o
    0x08000858   0x0000004c   Code   RO         1129    i.ADC_ConversionStop_Disable  stm32f1xx_hal_adc.o
    0x080008a4   0x0000002a   Code   RO         2958    i.APSDataconfig_DefaultFlash  adapter_camera_data_conf.o
    0x080008ce   0x00000002   PAD
    0x080008d0   0x00000034   Code   RO         2959    i.APSDataconfig_Init  adapter_camera_data_conf.o
    0x08000904   0x00000012   Code   RO         2960    i.APSDataconfig_ReadFlash  adapter_camera_data_conf.o
    0x08000916   0x00000002   PAD
    0x08000918   0x00000048   Code   RO         2961    i.APSDataconfig_WriteFlash  adapter_camera_data_conf.o
    0x08000960   0x00000024   Code   RO         4152    i.Bounce_Attach     di_debounce.o
    0x08000984   0x0000001c   Code   RO         4153    i.Bounce_Init       di_debounce.o
    0x080009a0   0x00000004   Code   RO         4154    i.Bounce_Read       di_debounce.o
    0x080009a4   0x00000004   Code   RO         4155    i.Bounce_SetInterval  di_debounce.o
    0x080009a8   0x00000048   Code   RO         4156    i.Bounce_Update     di_debounce.o
    0x080009f0   0x00000002   Code   RO         3784    i.BusFault_Handler  stm32f1xx_it.o
    0x080009f2   0x00000002   PAD
    0x080009f4   0x000002fc   Code   RO         2682    i.Core_ConfData     adapter_camera_config.o
    0x08000cf0   0x00000020   Code   RO         2683    i.Core_Init         adapter_camera_config.o
    0x08000d10   0x00000294   Code   RO         2684    i.Core_Process_Task  adapter_camera_config.o
    0x08000fa4   0x0000000c   Code   RO         2686    i.Core_Start        adapter_camera_config.o
    0x08000fb0   0x0000000c   Code   RO         3785    i.DMA1_Channel2_IRQHandler  stm32f1xx_it.o
    0x08000fbc   0x0000000c   Code   RO         3786    i.DMA1_Channel3_IRQHandler  stm32f1xx_it.o
    0x08000fc8   0x0000001e   Code   RO          882    i.DMA_SetConfig     stm32f1xx_hal_dma.o
    0x08000fe6   0x00000002   Code   RO         3787    i.DebugMon_Handler  stm32f1xx_it.o
    0x08000fe8   0x00000006   Code   RO         3788    i.EXTI0_IRQHandler  stm32f1xx_it.o
    0x08000fee   0x00000006   Code   RO         3789    i.EXTI9_5_IRQHandler  stm32f1xx_it.o
    0x08000ff4   0x00000024   Code   RO            4    i.FLASH_MassErase   stm32f1xx_hal_flash_ex.o
    0x08001018   0x00000024   Code   RO            9    i.FLASH_PageErase   stm32f1xx_hal_flash_ex.o
    0x0800103c   0x0000001c   Code   RO         1590    i.FLASH_Program_HalfWord  stm32f1xx_hal_flash.o
    0x08001058   0x00000044   Code   RO         1591    i.FLASH_SetErrorCode  stm32f1xx_hal_flash.o
    0x0800109c   0x00000054   Code   RO         1592    i.FLASH_WaitForLastOperation  stm32f1xx_hal_flash.o
    0x080010f0   0x0000000a   Code   RO         3085    i.Flash_If_DeInit   stm32f1xx_flash_if.o
    0x080010fa   0x00000020   Code   RO         3087    i.Flash_If_EraseStart  stm32f1xx_flash_if.o
    0x0800111a   0x0000000a   Code   RO         3088    i.Flash_If_Init     stm32f1xx_flash_if.o
    0x08001124   0x00000018   Code   RO         3089    i.Flash_If_Read     stm32f1xx_flash_if.o
    0x0800113c   0x00000038   Code   RO         3090    i.Flash_If_Write    stm32f1xx_flash_if.o
    0x08001174   0x00000002   Code   RO         2162    i.HAL_ADCEx_InjectedConvCpltCallback  stm32f1xx_hal_adc_ex.o
    0x08001176   0x00000002   PAD
    0x08001178   0x00000168   Code   RO         1135    i.HAL_ADC_ConfigChannel  stm32f1xx_hal_adc.o
    0x080012e0   0x00000002   Code   RO         1136    i.HAL_ADC_ConvCpltCallback  stm32f1xx_hal_adc.o
    0x080012e2   0x000000e6   Code   RO         1143    i.HAL_ADC_IRQHandler  stm32f1xx_hal_adc.o
    0x080013c8   0x00000134   Code   RO         1144    i.HAL_ADC_Init      stm32f1xx_hal_adc.o
    0x080014fc   0x00000002   Code   RO         1145    i.HAL_ADC_LevelOutOfWindowCallback  stm32f1xx_hal_adc.o
    0x080014fe   0x00000002   PAD
    0x08001500   0x00000050   Code   RO         3959    i.HAL_ADC_MspInit   adc.o
    0x08001550   0x0000026c   Code   RO          887    i.HAL_DMA_IRQHandler  stm32f1xx_hal_dma.o
    0x080017bc   0x00000050   Code   RO          888    i.HAL_DMA_Init      stm32f1xx_hal_dma.o
    0x0800180c   0x00000058   Code   RO          891    i.HAL_DMA_Start_IT  stm32f1xx_hal_dma.o
    0x08001864   0x00000016   Code   RO         1002    i.HAL_Delay         stm32f1xx_hal.o
    0x0800187a   0x00000002   PAD
    0x0800187c   0x000000a8   Code   RO           10    i.HAL_FLASHEx_Erase  stm32f1xx_hal_flash_ex.o
    0x08001924   0x00000014   Code   RO         1596    i.HAL_FLASH_Lock    stm32f1xx_hal_flash.o
    0x08001938   0x00000080   Code   RO         1601    i.HAL_FLASH_Program  stm32f1xx_hal_flash.o
    0x080019b8   0x00000024   Code   RO         1603    i.HAL_FLASH_Unlock  stm32f1xx_hal_flash.o
    0x080019dc   0x0000001c   Code   RO         3622    i.HAL_GPIO_EXTI_Callback  main.o
    0x080019f8   0x00000018   Code   RO          187    i.HAL_GPIO_EXTI_IRQHandler  stm32f1xx_hal_gpio.o
    0x08001a10   0x000001bc   Code   RO          188    i.HAL_GPIO_Init     stm32f1xx_hal_gpio.o
    0x08001bcc   0x0000000a   Code   RO          190    i.HAL_GPIO_ReadPin  stm32f1xx_hal_gpio.o
    0x08001bd6   0x00000008   Code   RO          191    i.HAL_GPIO_TogglePin  stm32f1xx_hal_gpio.o
    0x08001bde   0x0000000a   Code   RO          192    i.HAL_GPIO_WritePin  stm32f1xx_hal_gpio.o
    0x08001be8   0x0000000c   Code   RO         1006    i.HAL_GetTick       stm32f1xx_hal.o
    0x08001bf4   0x0000005a   Code   RO         1543    i.HAL_IWDG_Init     stm32f1xx_hal_iwdg.o
    0x08001c4e   0x00000002   Code   RO         1544    i.HAL_IWDG_MspInit  stm32f1xx_hal_iwdg.o
    0x08001c50   0x00000054   Code   RO         1545    i.HAL_IWDG_Refresh  stm32f1xx_hal_iwdg.o
    0x08001ca4   0x0000002a   Code   RO         1546    i.HAL_IWDG_Start    stm32f1xx_hal_iwdg.o
    0x08001cce   0x00000002   PAD
    0x08001cd0   0x00000010   Code   RO         1007    i.HAL_IncTick       stm32f1xx_hal.o
    0x08001ce0   0x00000024   Code   RO         1008    i.HAL_Init          stm32f1xx_hal.o
    0x08001d04   0x00000022   Code   RO         1009    i.HAL_InitTick      stm32f1xx_hal.o
    0x08001d26   0x00000002   PAD
    0x08001d28   0x0000005c   Code   RO         4030    i.HAL_MspInit       stm32f1xx_hal_msp.o
    0x08001d84   0x00000016   Code   RO         2258    i.HAL_NVIC_EnableIRQ  stm32f1xx_hal_cortex.o
    0x08001d9a   0x00000002   PAD
    0x08001d9c   0x00000040   Code   RO         2264    i.HAL_NVIC_SetPriority  stm32f1xx_hal_cortex.o
    0x08001ddc   0x00000024   Code   RO         2265    i.HAL_NVIC_SetPriorityGrouping  stm32f1xx_hal_cortex.o
    0x08001e00   0x00000128   Code   RO          961    i.HAL_RCCEx_PeriphCLKConfig  stm32f1xx_hal_rcc_ex.o
    0x08001f28   0x00000288   Code   RO         1694    i.HAL_RCC_ClockConfig  stm32f1xx_hal_rcc.o
    0x080021b0   0x00000034   Code   RO         1699    i.HAL_RCC_GetHCLKFreq  stm32f1xx_hal_rcc.o
    0x080021e4   0x0000002c   Code   RO         1701    i.HAL_RCC_GetPCLK1Freq  stm32f1xx_hal_rcc.o
    0x08002210   0x0000002c   Code   RO         1702    i.HAL_RCC_GetPCLK2Freq  stm32f1xx_hal_rcc.o
    0x0800223c   0x0000008c   Code   RO         1703    i.HAL_RCC_GetSysClockFreq  stm32f1xx_hal_rcc.o
    0x080022c8   0x00000632   Code   RO         1706    i.HAL_RCC_OscConfig  stm32f1xx_hal_rcc.o
    0x080028fa   0x00000018   Code   RO         2267    i.HAL_SYSTICK_CLKSourceConfig  stm32f1xx_hal_cortex.o
    0x08002912   0x00000002   Code   RO         2268    i.HAL_SYSTICK_Callback  stm32f1xx_hal_cortex.o
    0x08002914   0x00000028   Code   RO         2269    i.HAL_SYSTICK_Config  stm32f1xx_hal_cortex.o
    0x0800293c   0x00000008   Code   RO         2270    i.HAL_SYSTICK_IRQHandler  stm32f1xx_hal_cortex.o
    0x08002944   0x00000002   Code   RO         1309    i.HAL_TIMEx_BreakCallback  stm32f1xx_hal_tim_ex.o
    0x08002946   0x00000002   Code   RO         1310    i.HAL_TIMEx_CommutationCallback  stm32f1xx_hal_tim_ex.o
    0x08002948   0x00000050   Code   RO         1326    i.HAL_TIMEx_MasterConfigSynchronization  stm32f1xx_hal_tim_ex.o
    0x08002998   0x00000036   Code   RO          253    i.HAL_TIM_Base_Init  stm32f1xx_hal_tim.o
    0x080029ce   0x00000002   PAD
    0x080029d0   0x00000054   Code   RO         3718    i.HAL_TIM_Base_MspInit  tim.o
    0x08002a24   0x0000001a   Code   RO          256    i.HAL_TIM_Base_Start  stm32f1xx_hal_tim.o
    0x08002a3e   0x00000018   Code   RO          258    i.HAL_TIM_Base_Start_IT  stm32f1xx_hal_tim.o
    0x08002a56   0x000000f2   Code   RO          262    i.HAL_TIM_ConfigClockSource  stm32f1xx_hal_tim.o
    0x08002b48   0x0000002c   Code   RO         3623    i.HAL_TIM_IC_CaptureCallback  main.o
    0x08002b74   0x0000011e   Code   RO          283    i.HAL_TIM_IC_ConfigChannel  stm32f1xx_hal_tim.o
    0x08002c92   0x00000036   Code   RO          286    i.HAL_TIM_IC_Init   stm32f1xx_hal_tim.o
    0x08002cc8   0x00000050   Code   RO         3720    i.HAL_TIM_IC_MspInit  tim.o
    0x08002d18   0x0000004c   Code   RO          291    i.HAL_TIM_IC_Start_IT  stm32f1xx_hal_tim.o
    0x08002d64   0x00000166   Code   RO          295    i.HAL_TIM_IRQHandler  stm32f1xx_hal_tim.o
    0x08002eca   0x00000002   Code   RO          298    i.HAL_TIM_OC_DelayElapsedCallback  stm32f1xx_hal_tim.o
    0x08002ecc   0x00000002   Code   RO          325    i.HAL_TIM_PWM_PulseFinishedCallback  stm32f1xx_hal_tim.o
    0x08002ece   0x00000002   PAD
    0x08002ed0   0x00000010   Code   RO         3624    i.HAL_TIM_PeriodElapsedCallback  main.o
    0x08002ee0   0x00000002   Code   RO          336    i.HAL_TIM_TriggerCallback  stm32f1xx_hal_tim.o
    0x08002ee2   0x00000002   Code   RO         1935    i.HAL_UART_ErrorCallback  stm32f1xx_hal_uart.o
    0x08002ee4   0x000000da   Code   RO         1938    i.HAL_UART_IRQHandler  stm32f1xx_hal_uart.o
    0x08002fbe   0x0000005e   Code   RO         1939    i.HAL_UART_Init     stm32f1xx_hal_uart.o
    0x0800301c   0x0000014c   Code   RO         4055    i.HAL_UART_MspInit  usart.o
    0x08003168   0x000000cc   Code   RO         1942    i.HAL_UART_Receive  stm32f1xx_hal_uart.o
    0x08003234   0x00000088   Code   RO         1943    i.HAL_UART_Receive_DMA  stm32f1xx_hal_uart.o
    0x080032bc   0x0000006a   Code   RO         1944    i.HAL_UART_Receive_IT  stm32f1xx_hal_uart.o
    0x08003326   0x00000002   PAD
    0x08003328   0x00000014   Code   RO         2581    i.HAL_UART_RxCpltCallback  serial_debug_config.o
    0x0800333c   0x00000002   Code   RO         1946    i.HAL_UART_RxHalfCpltCallback  stm32f1xx_hal_uart.o
    0x0800333e   0x00000002   PAD
    0x08003340   0x000000cc   Code   RO         1947    i.HAL_UART_Transmit  stm32f1xx_hal_uart.o
    0x0800340c   0x00000090   Code   RO         1948    i.HAL_UART_Transmit_DMA  stm32f1xx_hal_uart.o
    0x0800349c   0x00000056   Code   RO         1949    i.HAL_UART_Transmit_IT  stm32f1xx_hal_uart.o
    0x080034f2   0x00000002   PAD
    0x080034f4   0x00000014   Code   RO         2582    i.HAL_UART_TxCpltCallback  serial_debug_config.o
    0x08003508   0x00000002   Code   RO         1951    i.HAL_UART_TxHalfCpltCallback  stm32f1xx_hal_uart.o
    0x0800350a   0x00000002   Code   RO         3790    i.HardFault_Handler  stm32f1xx_it.o
    0x0800350c   0x00000018   Code   RO         2583    i.HmLogUart8Thread_Init  serial_debug_config.o
    0x08003524   0x0000002e   Code   RO         2584    i.HmLogUart8Thread_RegistryUartHandle  serial_debug_config.o
    0x08003552   0x00000016   Code   RO         2585    i.HmLogUart8Thread_Start  serial_debug_config.o
    0x08003568   0x00000004   Code   RO         2432    i.HmSerialUart8_Delay  hm_serial_uart8.o
    0x0800356c   0x00000014   Code   RO         2436    i.HmSerialUart8_Init  hm_serial_uart8.o
    0x08003580   0x00000004   Code   RO         2586    i.HmSerialUart8_MspInit  serial_debug_config.o
    0x08003584   0x0000006a   Code   RO         2439    i.HmSerialUart8_Receive  hm_serial_uart8.o
    0x080035ee   0x00000020   Code   RO         2440    i.HmSerialUart8_Registry  hm_serial_uart8.o
    0x0800360e   0x00000040   Code   RO         2441    i.HmSerialUart8_RxAvailable  hm_serial_uart8.o
    0x0800364e   0x0000004e   Code   RO         2442    i.HmSerialUart8_RxCpltCb  hm_serial_uart8.o
    0x0800369c   0x00000030   Code   RO         2443    i.HmSerialUart8_RxFlush  hm_serial_uart8.o
    0x080036cc   0x00000036   Code   RO         2444    i.HmSerialUart8_Start  hm_serial_uart8.o
    0x08003702   0x00000098   Code   RO         2446    i.HmSerialUart8_Transmit  hm_serial_uart8.o
    0x0800379a   0x00000044   Code   RO         2447    i.HmSerialUart8_TxCpltCb  hm_serial_uart8.o
    0x080037de   0x00000002   PAD
    0x080037e0   0x0000003c   Code   RO         3960    i.MX_ADC1_Init      adc.o
    0x0800381c   0x0000003c   Code   RO         3907    i.MX_DMA_Init       dma.o
    0x08003858   0x00000128   Code   RO         3934    i.MX_GPIO_Init      gpio.o
    0x08003980   0x0000001c   Code   RO         4000    i.MX_IWDG_Init      iwdg.o
    0x0800399c   0x00000044   Code   RO         3721    i.MX_TIM1_Init      tim.o
    0x080039e0   0x00000048   Code   RO         3722    i.MX_TIM3_Init      tim.o
    0x08003a28   0x00000054   Code   RO         3723    i.MX_TIM4_Init      tim.o
    0x08003a7c   0x0000002c   Code   RO         4056    i.MX_USART1_UART_Init  usart.o
    0x08003aa8   0x00000028   Code   RO         4058    i.MX_USART3_UART_Init  usart.o
    0x08003ad0   0x00000002   Code   RO         3791    i.MemManage_Handler  stm32f1xx_it.o
    0x08003ad2   0x00000002   Code   RO         3792    i.NMI_Handler       stm32f1xx_it.o
    0x08003ad4   0x00000020   Code   RO         2271    i.NVIC_SetPriority  stm32f1xx_hal_cortex.o
    0x08003af4   0x0000001a   Code   RO         3499    i.STBButton_Init    button_driver.o
    0x08003b0e   0x00000002   PAD
    0x08003b10   0x0000000c   Code   RO         2687    i.STBButton_LL_GetPin  adapter_camera_config.o
    0x08003b1c   0x00000002   Code   RO         2688    i.STBButton_LL_Init  adapter_camera_config.o
    0x08003b1e   0x00000002   Code   RO         2689    i.STBButton_LL_Start  adapter_camera_config.o
    0x08003b20   0x0000000e   Code   RO         3505    i.STBButton_ProcessISR  button_driver.o
    0x08003b2e   0x00000064   Code   RO         3506    i.STBButton_ProcessTask  button_driver.o
    0x08003b92   0x00000018   Code   RO         3507    i.STBButton_Start   button_driver.o
    0x08003baa   0x0000000e   Code   RO         3509    i.STBRf_Io_ProcessTask  button_driver.o
    0x08003bb8   0x0000000e   Code   RO         3510    i.STBRf_Io_Start    button_driver.o
    0x08003bc6   0x0000000c   Code   RO         3511    i.STB_LL_GetDeltaTick  button_driver.o
    0x08003bd2   0x00000004   Code   RO         3512    i.STB_LL_GetTick    button_driver.o
    0x08003bd6   0x0000000e   Code   RO         3793    i.SysTick_Handler   stm32f1xx_it.o
    0x08003be4   0x00000048   Code   RO         4116    i.SystemInit        system_stm32f1xx.o
    0x08003c2c   0x0000000c   Code   RO         3794    i.TIM3_IRQHandler   stm32f1xx_it.o
    0x08003c38   0x0000000c   Code   RO         3795    i.TIM4_IRQHandler   stm32f1xx_it.o
    0x08003c44   0x00000064   Code   RO          337    i.TIM_Base_SetConfig  stm32f1xx_hal_tim.o
    0x08003ca8   0x00000016   Code   RO          338    i.TIM_CCxChannelCmd  stm32f1xx_hal_tim.o
    0x08003cbe   0x00000014   Code   RO          344    i.TIM_ETR_SetConfig  stm32f1xx_hal_tim.o
    0x08003cd2   0x00000010   Code   RO          345    i.TIM_ITRx_SetConfig  stm32f1xx_hal_tim.o
    0x08003ce2   0x00000022   Code   RO          351    i.TIM_TI1_ConfigInputStage  stm32f1xx_hal_tim.o
    0x08003d04   0x00000058   Code   RO          352    i.TIM_TI1_SetConfig  stm32f1xx_hal_tim.o
    0x08003d5c   0x00000024   Code   RO          353    i.TIM_TI2_ConfigInputStage  stm32f1xx_hal_tim.o
    0x08003d80   0x00000036   Code   RO          354    i.TIM_TI2_SetConfig  stm32f1xx_hal_tim.o
    0x08003db6   0x0000001e   Code   RO         1952    i.UART_DMAError     stm32f1xx_hal_uart.o
    0x08003dd4   0x00000036   Code   RO         1953    i.UART_DMAReceiveCplt  stm32f1xx_hal_uart.o
    0x08003e0a   0x0000000a   Code   RO         1954    i.UART_DMARxHalfCplt  stm32f1xx_hal_uart.o
    0x08003e14   0x0000002e   Code   RO         1955    i.UART_DMATransmitCplt  stm32f1xx_hal_uart.o
    0x08003e42   0x0000000a   Code   RO         1956    i.UART_DMATxHalfCplt  stm32f1xx_hal_uart.o
    0x08003e4c   0x000000a8   Code   RO         1957    i.UART_Receive_IT   stm32f1xx_hal_uart.o
    0x08003ef4   0x000000e0   Code   RO         1958    i.UART_SetConfig    stm32f1xx_hal_uart.o
    0x08003fd4   0x00000066   Code   RO         1959    i.UART_Transmit_IT  stm32f1xx_hal_uart.o
    0x0800403a   0x00000092   Code   RO         1960    i.UART_WaitOnFlagUntilTimeout  stm32f1xx_hal_uart.o
    0x080040cc   0x0000000c   Code   RO         3796    i.USART1_IRQHandler  stm32f1xx_it.o
    0x080040d8   0x0000000c   Code   RO         3797    i.USART2_IRQHandler  stm32f1xx_it.o
    0x080040e4   0x0000000c   Code   RO         3798    i.USART3_IRQHandler  stm32f1xx_it.o
    0x080040f0   0x00000002   Code   RO         3799    i.UsageFault_Handler  stm32f1xx_it.o
    0x080040f2   0x00000002   PAD
    0x080040f4   0x00000028   Code   RO         3625    i._Z16RF_Io_ProcessISRh  main.o
    0x0800411c   0x00000010   Code   RO         3149    i._Z18APSMiddleLink_InitP21APSMiddleLinkHandle_t  adapter_camera_middle_core.o
    0x0800412c   0x00000070   Code   RO         3626    i._Z18SystemClock_Configv  main.o
    0x0800419c   0x0000007c   Code   RO         3150    i._Z19APSMiddleLink_StartP21APSMiddleLinkHandle_t  adapter_camera_middle_core.o
    0x08004218   0x00000124   Code   RO         2691    i._Z20Core_Process_ControlP5_taskPv  adapter_camera_config.o
    0x0800433c   0x00000028   Code   RO         3151    i._Z21APSMiddleLink_ProcessP21APSMiddleLinkHandle_t  adapter_camera_middle_core.o
    0x08004364   0x00000030   Code   RO         3152    i._Z22APSMiddleLink_RegistryP21APSMiddleLinkHandle_tP5_taskP18_STBButtonHandle_tS4_P9_Bounce_TP28APSDataConfigurationHandle_t  adapter_camera_middle_core.o
    0x08004394   0x00000006   Code   RO         3154    i._Z24APSMiddleLink_ConfigDataP21APSMiddleLinkHandle_t  adapter_camera_middle_core.o
    0x0800439a   0x00000008   Code   RO         3225    i._Z4diffii         rcswitch.o
    0x080043a2   0x00000002   PAD
    0x080043a4   0x00000024   Code   RO         3227    i._ZN8RCSwitch11setProtocolEi  rcswitch.o
    0x080043c8   0x00000006   Code   RO         3234    i._ZN8RCSwitch13enableReceiveEi  rcswitch.o
    0x080043ce   0x00000002   PAD
    0x080043d0   0x00000018   Code   RO         3235    i._ZN8RCSwitch13enableReceiveEv  rcswitch.o
    0x080043e8   0x0000000c   Code   RO         3238    i._ZN8RCSwitch14resetAvailableEv  rcswitch.o
    0x080043f4   0x0000007c   Code   RO         3241    i._ZN8RCSwitch15handleInterruptEv  rcswitch.o
    0x08004470   0x000000d8   Code   RO         3242    i._ZN8RCSwitch15receiveProtocolEij  rcswitch.o
    0x08004548   0x0000000c   Code   RO         3244    i._ZN8RCSwitch16getReceivedValueEv  rcswitch.o
    0x08004554   0x0000000c   Code   RO         3249    i._ZN8RCSwitch20getReceivedBitlengthEv  rcswitch.o
    0x08004560   0x00000010   Code   RO         3258    i._ZN8RCSwitch9availableEv  rcswitch.o
    0x08004570   0x0000002c   Code   RO         3264    i._ZN8RCSwitchC1Ev  rcswitch.o
    0x0800459c   0x00000004   Code   RO         2787    i._ZSt6strchrPci    adapter_camera_config.o
    0x080045a0   0x00000004   Code   RO         2793    i._ZSt6strstrPcPKc  adapter_camera_config.o
    0x080045a4   0x00000024   Code   RO         4227    i.__0vsprintf       mc_w.l(printfa.o)
    0x080045c8   0x00000008   Code   RO         4276    i.__aeabi_errno_addr  mc_w.l(errno.o)
    0x080045d0   0x0000000e   Code   RO         4340    i.__scatterload_copy  mc_w.l(handlers.o)
    0x080045de   0x00000002   Code   RO         4341    i.__scatterload_null  mc_w.l(handlers.o)
    0x080045e0   0x0000000e   Code   RO         4342    i.__scatterload_zeroinit  mc_w.l(handlers.o)
    0x080045ee   0x00000002   PAD
    0x080045f0   0x0000000c   Code   RO         3627    i.__sti___8_main_cpp_mySwitch  main.o
    0x080045fc   0x00000164   Code   RO         4228    i._fp_digits        mc_w.l(printfa.o)
    0x08004760   0x000006dc   Code   RO         4229    i._printf_core      mc_w.l(printfa.o)
    0x08004e3c   0x00000024   Code   RO         4230    i._printf_post_padding  mc_w.l(printfa.o)
    0x08004e60   0x0000002e   Code   RO         4231    i._printf_pre_padding  mc_w.l(printfa.o)
    0x08004e8e   0x0000000a   Code   RO         4233    i._sputc            mc_w.l(printfa.o)
    0x08004e98   0x0000001c   Code   RO         2373    i.console_flush     debug_console.o
    0x08004eb4   0x00000070   Code   RO         2374    i.console_read      debug_console.o
    0x08004f24   0x0000003c   Code   RO         2451    i.hmSerialUartContinueTx  hm_serial_uart8.o
    0x08004f60   0x00000180   Code   RO         3628    i.main              main.o
    0x080050e0   0x0000001c   Code   RO         2693    i.micros            adapter_camera_config.o
    0x080050fc   0x00000010   Code   RO         2694    i.tick_Micros       adapter_camera_config.o
    0x0800510c   0x00000034   Code   RO         2635    i.uart_printf       user_debug.o
    0x08005140   0x00000044   Code   RO         2637    i.user_debug_print  user_debug.o
    0x08005184   0x00000010   Data   RO         1707    .constdata          stm32f1xx_hal_rcc.o
    0x08005194   0x00000078   Data   RO         3306    .constdata          rcswitch.o
    0x0800520c   0x00000081   Data   RO         4304    .constdata          mc_w.l(ctype_o.o)
    0x0800528d   0x00000003   PAD
    0x08005290   0x00000004   Data   RO         4305    .constdata          mc_w.l(ctype_o.o)
    0x08005294   0x0000002e   Data   RO         3308    .conststring        rcswitch.o
    0x080052c2   0x00000002   PAD
    0x080052c4   0x00000020   Data   RO         4338    Region$$Table       anon$$obj.o
    0x080052e4   0x00000004   Data   RO         3638    .init_array         main.o
    0x080052e8   0x00000000   Data   RO         4251    .init_array         mc_w.l(cpp_init.o)


    Execution Region RW_IRAM1 (Base: 0x20000000, Size: 0x00000f00, Max: 0x00005000, ABSOLUTE)

    Base Addr    Size         Type   Attr      Idx    E Section Name        Object

    0x20000000   0x00000004   Data   RW         1014    .data               stm32f1xx_hal.o
    0x20000004   0x00000004   Data   RW         2376    .data               debug_console.o
    0x20000008   0x00000018   Data   RW         2709    .data               adapter_camera_config.o
    0x20000020   0x00000020   Data   RW         3309    .data               rcswitch.o
    0x20000040   0x00000004   Data   RW         3637    .data               main.o
    0x20000044   0x00000004   Data   RW         4118    .data               system_stm32f1xx.o
    0x20000048   0x00000004   Data   RW         4279    .data               mc_w.l(errno.o)
    0x2000004c   0x00000004   PAD
    0x20000050   0x00000020   Zero   RW         1604    .bss                stm32f1xx_hal_flash.o
    0x20000070   0x00000200   Zero   RW         2375    .bss                debug_console.o
    0x20000270   0x00000100   Zero   RW         2638    .bss                user_debug.o
    0x20000370   0x00000014   Zero   RW         2966    .bss                adapter_camera_data_conf.o
    0x20000384   0x00000140   Zero   RW         3305    .bss                rcswitch.o
    0x200004c4   0x00000408   Zero   RW         3636    .bss                main.o
    0x200008cc   0x000000b4   Zero   RW         3724    .bss                tim.o
    0x20000980   0x00000030   Zero   RW         3961    .bss                adc.o
    0x200009b0   0x00000010   Zero   RW         4001    .bss                iwdg.o
    0x200009c0   0x0000013c   Zero   RW         4059    .bss                usart.o
    0x20000afc   0x00000004   PAD
    0x20000b00   0x00000400   Zero   RW         4105    STACK               startup_stm32f103xb.o


==============================================================================

Image component sizes


      Code (inc. data)   RO Data    RW Data    ZI Data      Debug   Object Name

      1828        608          0         24          0     298345   adapter_camera_config.o
       184         12          0          0         20       5561   adapter_camera_data_conf.o
       234         60          0          0          0       5239   adapter_camera_middle_core.o
       140         24          0          0         48       1617   adc.o
       208          0          0          0          0       5437   button_driver.o
       140         18          0          4        512       4510   debug_console.o
       144          0          0          0          0       3929   di_debounce.o
        60          4          0          0          0        778   dma.o
       296         22          0          0          0       1035   gpio.o
       686          0          0          0          0       8977   hm_serial_uart8.o
        28          8          0          0         16        651   iwdg.o
       636        108          4          4       1032       8048   main.o
       510         60        166         32        320      11044   rcswitch.o
       136         12          0          0          0       3803   serial_debug_config.o
        36          8        236          0       1024        788   startup_stm32f103xb.o
       132          0          0          0          0       3829   stm32f1xx_flash_if.o
       120         16          0          4          0       3730   stm32f1xx_hal.o
       978         22          0          0          0       5287   stm32f1xx_hal_adc.o
         2          0          0          0          0       1129   stm32f1xx_hal_adc_ex.o
       228         14          0          0          0      27549   stm32f1xx_hal_cortex.o
       818          4          0          0          0       3703   stm32f1xx_hal_dma.o
       364         46          0          0         32       4790   stm32f1xx_hal_flash.o
       240         26          0          0          0     289297   stm32f1xx_hal_flash_ex.o
       496         42          0          0          0       4951   stm32f1xx_hal_gpio.o
       218          0          0          0          0       3075   stm32f1xx_hal_iwdg.o
        92          6          0          0          0        878   stm32f1xx_hal_msp.o
      2514         86         16          0          0       6336   stm32f1xx_hal_rcc.o
       296         14          0          0          0       1380   stm32f1xx_hal_rcc_ex.o
      1496         26          0          0          0      14386   stm32f1xx_hal_tim.o
        84          0          0          0          0       2398   stm32f1xx_hal_tim_ex.o
      1988         32          0          0          0      15798   stm32f1xx_hal_uart.o
       134         48          0          0          0       7561   stm32f1xx_it.o
        72         16          0          4          0       1385   system_stm32f1xx.o
       388         56          0          0        180       3501   tim.o
       416         50          0          0        316       2496   usart.o
       120         24          0          0        256       2787   user_debug.o

    ----------------------------------------------------------------------
     16500       1472        456         72       3760     766008   Object Totals
         0          0         32          0          0          0   (incl. Generated)
        38          0          2          0          4          0   (incl. Padding)

    ----------------------------------------------------------------------

      Code (inc. data)   RO Data    RW Data    ZI Data      Debug   Library Member Name

        28          0          0          0          0         68   _chval.o
       158          0          0          0          0         92   _strtoul.o
        26          0          0          0          0         80   atoi.o
        32         10          0          0          0         80   cpp_init.o
         8          4        133          0          0         68   ctype_o.o
         0          0          0          0          0          0   entry.o
         0          0          0          0          0          0   entry10a.o
         0          0          0          0          0          0   entry11a.o
         8          4          0          0          0          0   entry2.o
         4          0          0          0          0          0   entry5.o
         0          0          0          0          0          0   entry7b.o
         4          0          0          0          0          0   entry8a.o
         0          0          0          0          0          0   entry8b.o
         8          4          0          0          0          0   entry9a.o
         8          4          0          4          0         68   errno.o
        30          0          0          0          0          0   handlers.o
        36          8          0          0          0         68   init.o
         0          0          0          0          0          0   iusefp.o
        30          0          0          0          0         68   llshl.o
        36          0          0          0          0         68   llsshr.o
        32          0          0          0          0         68   llushr.o
        26          0          0          0          0         80   memcmp.o
        36          0          0          0          0        108   memseta.o
      2240         86          0          0          0        508   printfa.o
        20          0          0          0          0         68   strchr.o
        36          0          0          0          0         80   strstr.o
       112          0          0          0          0         88   strtol.o
        44          0          0          0          0         80   uidiv.o
        98          0          0          0          0         92   uldiv.o
        48          0          0          0          0         68   cdrcmple.o
       334          0          0          0          0        148   dadd.o
       222          0          0          0          0        100   ddiv.o
       186          0          0          0          0        176   depilogue.o
        48          0          0          0          0         68   dfixul.o
       228          0          0          0          0         96   dmul.o

    ----------------------------------------------------------------------
      4132        120        136          4          4       2488   Library Totals
         6          0          3          0          4          0   (incl. Padding)

    ----------------------------------------------------------------------

      Code (inc. data)   RO Data    RW Data    ZI Data      Debug   Library Name

      3060        120        133          4          0       1832   mc_w.l
      1066          0          0          0          0        656   mf_w.l

    ----------------------------------------------------------------------
      4132        120        136          4          4       2488   Library Totals

    ----------------------------------------------------------------------

==============================================================================


      Code (inc. data)   RO Data    RW Data    ZI Data      Debug   

     20632       1592        592         76       3764     757000   Grand Totals
     20632       1592        592         76       3764     757000   ELF Image Totals
     20632       1592        592         76          0          0   ROM Totals

==============================================================================

    Total RO  Size (Code + RO Data)                21224 (  20.73kB)
    Total RW  Size (RW Data + ZI Data)              3840 (   3.75kB)
    Total ROM Size (Code + RO Data + RW Data)      21300 (  20.80kB)

==============================================================================

